Component: ARM Compiler 5.06 update 5 (build 528) Tool: armlink [4d35e2]

==============================================================================

Section Cross References

    startup_stm32g474xx.o(STACK) refers (Special) to heapauxi.o(.text) for __use_two_region_memory
    startup_stm32g474xx.o(HEAP) refers (Special) to heapauxi.o(.text) for __use_two_region_memory
    startup_stm32g474xx.o(RESET) refers (Special) to heapauxi.o(.text) for __use_two_region_memory
    startup_stm32g474xx.o(RESET) refers to startup_stm32g474xx.o(STACK) for __initial_sp
    startup_stm32g474xx.o(RESET) refers to startup_stm32g474xx.o(.text) for Reset_Handler
    startup_stm32g474xx.o(RESET) refers to stm32g4xx_it.o(i.NMI_Handler) for NMI_Handler
    startup_stm32g474xx.o(RESET) refers to stm32g4xx_it.o(i.HardFault_Handler) for HardFault_Handler
    startup_stm32g474xx.o(RESET) refers to stm32g4xx_it.o(i.MemManage_Handler) for MemManage_Handler
    startup_stm32g474xx.o(RESET) refers to stm32g4xx_it.o(i.BusFault_Handler) for BusFault_Handler
    startup_stm32g474xx.o(RESET) refers to stm32g4xx_it.o(i.UsageFault_Handler) for UsageFault_Handler
    startup_stm32g474xx.o(RESET) refers to stm32g4xx_it.o(i.SVC_Handler) for SVC_Handler
    startup_stm32g474xx.o(RESET) refers to stm32g4xx_it.o(i.DebugMon_Handler) for DebugMon_Handler
    startup_stm32g474xx.o(RESET) refers to stm32g4xx_it.o(i.PendSV_Handler) for PendSV_Handler
    startup_stm32g474xx.o(RESET) refers to stm32g4xx_it.o(i.SysTick_Handler) for SysTick_Handler
    startup_stm32g474xx.o(RESET) refers to stm32g4xx_it.o(i.DMA1_Channel1_IRQHandler) for DMA1_Channel1_IRQHandler
    startup_stm32g474xx.o(RESET) refers to stm32g4xx_it.o(i.DMA1_Channel2_IRQHandler) for DMA1_Channel2_IRQHandler
    startup_stm32g474xx.o(RESET) refers to stm32g4xx_it.o(i.DMA1_Channel3_IRQHandler) for DMA1_Channel3_IRQHandler
    startup_stm32g474xx.o(RESET) refers to stm32g4xx_it.o(i.DMA1_Channel4_IRQHandler) for DMA1_Channel4_IRQHandler
    startup_stm32g474xx.o(RESET) refers to stm32g4xx_it.o(i.DMA1_Channel5_IRQHandler) for DMA1_Channel5_IRQHandler
    startup_stm32g474xx.o(RESET) refers to stm32g4xx_it.o(i.DMA1_Channel6_IRQHandler) for DMA1_Channel6_IRQHandler
    startup_stm32g474xx.o(RESET) refers to stm32g4xx_it.o(i.FDCAN1_IT0_IRQHandler) for FDCAN1_IT0_IRQHandler
    startup_stm32g474xx.o(RESET) refers to stm32g4xx_it.o(i.TIM2_IRQHandler) for TIM2_IRQHandler
    startup_stm32g474xx.o(.text) refers (Special) to heapauxi.o(.text) for __use_two_region_memory
    startup_stm32g474xx.o(.text) refers to system_stm32g4xx.o(i.SystemInit) for SystemInit
    startup_stm32g474xx.o(.text) refers to __main.o(!!!main) for __main
    startup_stm32g474xx.o(.text) refers to startup_stm32g474xx.o(HEAP) for Heap_Mem
    startup_stm32g474xx.o(.text) refers to startup_stm32g474xx.o(STACK) for Stack_Mem
    cordic.o(i.cordic_calculate_start) refers to cordic.o(i.value_to_cordic31) for value_to_cordic31
    cordic.o(i.cordic_calculate_start) refers to stm32g4xx_hal_cordic.o(i.HAL_CORDIC_Calculate_DMA) for HAL_CORDIC_Calculate_DMA
    cordic.o(i.cordic_calculate_start) refers to cordic.o(.data) for .data
    cordic.o(i.cordic_calculate_start) refers to main.o(.bss) for hcordic
    cordic.o(i.cordic_config) refers to stm32g4xx_hal_cordic.o(i.HAL_CORDIC_Configure) for HAL_CORDIC_Configure
    cordic.o(i.cordic_config) refers to cordic.o(.bss) for .bss
    cordic.o(i.cordic_config) refers to main.o(.bss) for hcordic
    cordic.o(i.cordic_get_result) refers to stm32g4xx_hal_cordic.o(i.HAL_CORDIC_GetState) for HAL_CORDIC_GetState
    cordic.o(i.cordic_get_result) refers to cordic.o(i.cordic31_to_value) for cordic31_to_value
    cordic.o(i.cordic_get_result) refers to main.o(.bss) for hcordic
    cordic.o(i.cordic_get_result) refers to cordic.o(.data) for .data
    main.o(i.Average_ADC_Value) refers to main.o(.bss) for .bss
    main.o(i.Average_ADC_Value) refers to main.o(.data) for .data
    main.o(i.FDCAN1_Send_Msg) refers to stm32g4xx_hal_fdcan.o(i.HAL_FDCAN_AddMessageToTxFifoQ) for HAL_FDCAN_AddMessageToTxFifoQ
    main.o(i.FDCAN1_Send_Msg) refers to main.o(.bss) for .bss
    main.o(i.LED_Control) refers to cordic.o(i.cordic_calculate_start) for cordic_calculate_start
    main.o(i.LED_Control) refers to cordic.o(i.cordic_get_result) for cordic_get_result
    main.o(i.LED_Control) refers to main.o(.data) for .data
    main.o(i.LED_Control) refers to main.o(.bss) for .bss
    main.o(i.MX_ADC1_Init) refers to rt_memclr_w.o(.text) for __aeabi_memclr4
    main.o(i.MX_ADC1_Init) refers to stm32g4xx_hal_adc.o(i.HAL_ADC_Init) for HAL_ADC_Init
    main.o(i.MX_ADC1_Init) refers to stm32g4xx_hal_adc_ex.o(i.HAL_ADCEx_MultiModeConfigChannel) for HAL_ADCEx_MultiModeConfigChannel
    main.o(i.MX_ADC1_Init) refers to stm32g4xx_hal_adc.o(i.HAL_ADC_ConfigChannel) for HAL_ADC_ConfigChannel
    main.o(i.MX_ADC1_Init) refers to main.o(.bss) for .bss
    main.o(i.MX_ADC2_Init) refers to rt_memclr_w.o(.text) for __aeabi_memclr4
[...]
    .ARM.Collect$$libshutdown$$0000000C      0x08000256   Section        0  libshutdown2.o(.ARM.Collect$$libshutdown$$0000000C)
    .ARM.Collect$$libshutdown$$0000000F      0x08000256   Section        0  libshutdown2.o(.ARM.Collect$$libshutdown$$0000000F)
    .ARM.Collect$$libshutdown$$00000010      0x08000256   Section        2  libshutdown2.o(.ARM.Collect$$libshutdown$$00000010)
    .ARM.Collect$$rtentry$$00000000          0x08000258   Section        0  __rtentry.o(.ARM.Collect$$rtentry$$00000000)
    .ARM.Collect$$rtentry$$00000002          0x08000258   Section        0  __rtentry2.o(.ARM.Collect$$rtentry$$00000002)
    .ARM.Collect$$rtentry$$00000004          0x08000258   Section        6  __rtentry4.o(.ARM.Collect$$rtentry$$00000004)
    .ARM.Collect$$rtentry$$00000009          0x0800025e   Section        0  __rtentry2.o(.ARM.Collect$$rtentry$$00000009)
    .ARM.Collect$$rtentry$$0000000A          0x0800025e   Section        4  __rtentry2.o(.ARM.Collect$$rtentry$$0000000A)
    .ARM.Collect$$rtentry$$0000000C          0x08000262   Section        0  __rtentry2.o(.ARM.Collect$$rtentry$$0000000C)
    .ARM.Collect$$rtentry$$0000000D          0x08000262   Section        8  __rtentry2.o(.ARM.Collect$$rtentry$$0000000D)
    .ARM.Collect$$rtexit$$00000000           0x0800026a   Section        2  rtexit.o(.ARM.Collect$$rtexit$$00000000)
    .ARM.Collect$$rtexit$$00000002           0x0800026c   Section        0  rtexit2.o(.ARM.Collect$$rtexit$$00000002)
    .ARM.Collect$$rtexit$$00000003           0x0800026c   Section        4  rtexit2.o(.ARM.Collect$$rtexit$$00000003)
    .ARM.Collect$$rtexit$$00000004           0x08000270   Section        6  rtexit2.o(.ARM.Collect$$rtexit$$00000004)
    .text                                    0x08000278   Section       64  startup_stm32g474xx.o(.text)
    $v0                                      0x08000278   Number         0  startup_stm32g474xx.o(.text)
    .text                                    0x080002b8   Section       78  rt_memclr_w.o(.text)
    .text                                    0x08000306   Section        0  heapauxi.o(.text)
    .text                                    0x0800030c   Section       74  sys_stackheap_outer.o(.text)
    .text                                    0x08000356   Section        0  exit.o(.text)
    .text                                    0x08000368   Section        8  libspace.o(.text)
    .text                                    0x08000370   Section        0  sys_exit.o(.text)
    .text                                    0x0800037c   Section        2  use_no_semi.o(.text)
    .text                                    0x0800037e   Section        0  indicate_semi.o(.text)
    i.ADC_DMAConvCplt                        0x0800037e   Section        0  stm32g4xx_hal_adc.o(i.ADC_DMAConvCplt)
    i.ADC_DMAError                           0x080003e6   Section        0  stm32g4xx_hal_adc.o(i.ADC_DMAError)
    i.ADC_DMAHalfConvCplt                    0x08000400   Section        0  stm32g4xx_hal_adc.o(i.ADC_DMAHalfConvCplt)
    i.ADC_Enable                             0x0800040c   Section        0  stm32g4xx_hal_adc.o(i.ADC_Enable)
    i.Average_ADC_Value                      0x080004d0   Section        0  main.o(i.Average_ADC_Value)
    i.BusFault_Handler                       0x08000684   Section        0  stm32g4xx_it.o(i.BusFault_Handler)
    i.CORDIC_DMAError                        0x08000686   Section        0  stm32g4xx_hal_cordic.o(i.CORDIC_DMAError)
    CORDIC_DMAError                          0x08000687   Thumb Code    24  stm32g4xx_hal_cordic.o(i.CORDIC_DMAError)
    i.CORDIC_DMAInCplt                       0x0800069e   Section        0  stm32g4xx_hal_cordic.o(i.CORDIC_DMAInCplt)
    CORDIC_DMAInCplt                         0x0800069f   Thumb Code    36  stm32g4xx_hal_cordic.o(i.CORDIC_DMAInCplt)
    i.CORDIC_DMAOutCplt                      0x080006c2   Section        0  stm32g4xx_hal_cordic.o(i.CORDIC_DMAOutCplt)
    CORDIC_DMAOutCplt                        0x080006c3   Thumb Code    30  stm32g4xx_hal_cordic.o(i.CORDIC_DMAOutCplt)
    i.DMA1_Channel1_IRQHandler               0x080006e0   Section        0  stm32g4xx_it.o(i.DMA1_Channel1_IRQHandler)
    i.DMA1_Channel2_IRQHandler               0x080006ec   Section        0  stm32g4xx_it.o(i.DMA1_Channel2_IRQHandler)
    i.DMA1_Channel3_IRQHandler               0x080006f8   Section        0  stm32g4xx_it.o(i.DMA1_Channel3_IRQHandler)
    i.DMA1_Channel4_IRQHandler               0x08000704   Section        0  stm32g4xx_it.o(i.DMA1_Channel4_IRQHandler)
    i.DMA1_Channel5_IRQHandler               0x08000710   Section        0  stm32g4xx_it.o(i.DMA1_Channel5_IRQHandler)
    i.DMA1_Channel6_IRQHandler               0x0800071c   Section        0  stm32g4xx_it.o(i.DMA1_Channel6_IRQHandler)
    i.DMA_CalcDMAMUXChannelBaseAndMask       0x08000728   Section        0  stm32g4xx_hal_dma.o(i.DMA_CalcDMAMUXChannelBaseAndMask)
    DMA_CalcDMAMUXChannelBaseAndMask         0x08000729   Thumb Code    54  stm32g4xx_hal_dma.o(i.DMA_CalcDMAMUXChannelBaseAndMask)
    i.DMA_CalcDMAMUXRequestGenBaseAndMask    0x08000768   Section        0  stm32g4xx_hal_dma.o(i.DMA_CalcDMAMUXRequestGenBaseAndMask)
    DMA_CalcDMAMUXRequestGenBaseAndMask      0x08000769   Thumb Code    30  stm32g4xx_hal_dma.o(i.DMA_CalcDMAMUXRequestGenBaseAndMask)
    i.DMA_SetConfig                          0x0800078c   Section        0  stm32g4xx_hal_dma.o(i.DMA_SetConfig)
    DMA_SetConfig                            0x0800078d   Thumb Code    62  stm32g4xx_hal_dma.o(i.DMA_SetConfig)
    i.DebugMon_Handler                       0x080007ca   Section        0  stm32g4xx_it.o(i.DebugMon_Handler)
    i.Error_Handler                          0x080007cc   Section        0  main.o(i.Error_Handler)
    i.FDCAN1_IT0_IRQHandler                  0x080007d0   Section        0  stm32g4xx_it.o(i.FDCAN1_IT0_IRQHandler)
    i.FDCAN1_Send_Msg                        0x080007dc   Section        0  main.o(i.FDCAN1_Send_Msg)
    i.FDCAN_CopyMessageToRAM                 0x08000810   Section        0  stm32g4xx_hal_fdcan.o(i.FDCAN_CopyMessageToRAM)
    FDCAN_CopyMessageToRAM                   0x08000811   Thumb Code    96  stm32g4xx_hal_fdcan.o(i.FDCAN_CopyMessageToRAM)
    i.FMAC_Reset                             0x08000874   Section        0  stm32g4xx_hal_fmac.o(i.FMAC_Reset)
    FMAC_Reset                               0x08000875   Thumb Code    64  stm32g4xx_hal_fmac.o(i.FMAC_Reset)
    i.FMAC_ResetDataPointers                 0x080008b4   Section        0  stm32g4xx_hal_fmac.o(i.FMAC_ResetDataPointers)
    FMAC_ResetDataPointers                   0x080008b5   Thumb Code    18  stm32g4xx_hal_fmac.o(i.FMAC_ResetDataPointers)
    i.FMAC_ResetInputStateAndDataPointers    0x080008c6   Section        0  stm32g4xx_hal_fmac.o(i.FMAC_ResetInputStateAndDataPointers)
    FMAC_ResetInputStateAndDataPointers      0x080008c7   Thumb Code    16  stm32g4xx_hal_fmac.o(i.FMAC_ResetInputStateAndDataPointers)
    i.FMAC_ResetOutputStateAndDataPointers   0x080008d6   Section        0  stm32g4xx_hal_fmac.o(i.FMAC_ResetOutputStateAndDataPointers)
    FMAC_ResetOutputStateAndDataPointers     0x080008d7   Thumb Code    16  stm32g4xx_hal_fmac.o(i.FMAC_ResetOutputStateAndDataPointers)
    i.HAL_ADCEx_MultiModeConfigChannel       0x080008e8   Section        0  stm32g4xx_hal_adc_ex.o(i.HAL_ADCEx_MultiModeConfigChannel)
    i.HAL_ADC_ConfigChannel                  0x08000a48   Section        0  stm32g4xx_hal_adc.o(i.HAL_ADC_ConfigChannel)
    i.HAL_ADC_ConvCpltCallback               0x08000eb4   Section        0  stm32g4xx_hal_adc.o(i.HAL_ADC_ConvCpltCallback)
    i.HAL_ADC_ConvHalfCpltCallback           0x08000eb6   Section        0  stm32g4xx_hal_adc.o(i.HAL_ADC_ConvHalfCpltCallback)
    i.HAL_ADC_ErrorCallback                  0x08000eb8   Section        0  stm32g4xx_hal_adc.o(i.HAL_ADC_ErrorCallback)
    i.HAL_ADC_Init                           0x08000ebc   Section        0  stm32g4xx_hal_adc.o(i.HAL_ADC_Init)
    i.HAL_ADC_MspInit                        0x080010ec   Section        0  stm32g4xx_hal_msp.o(i.HAL_ADC_MspInit)
    i.HAL_ADC_Start_DMA                      0x08001348   Section        0  stm32g4xx_hal_adc.o(i.HAL_ADC_Start_DMA)
    i.HAL_CORDIC_CalculateCpltCallback       0x08001474   Section        0  stm32g4xx_hal_cordic.o(i.HAL_CORDIC_CalculateCpltCallback)
    i.HAL_CORDIC_Calculate_DMA               0x08001478   Section        0  stm32g4xx_hal_cordic.o(i.HAL_CORDIC_Calculate_DMA)
    i.HAL_CORDIC_Configure                   0x08001558   Section        0  stm32g4xx_hal_cordic.o(i.HAL_CORDIC_Configure)
    i.HAL_CORDIC_ErrorCallback               0x080015a0   Section        0  stm32g4xx_hal_cordic.o(i.HAL_CORDIC_ErrorCallback)
    i.HAL_CORDIC_GetState                    0x080015a2   Section        0  stm32g4xx_hal_cordic.o(i.HAL_CORDIC_GetState)
    i.HAL_CORDIC_Init                        0x080015a8   Section        0  stm32g4xx_hal_cordic.o(i.HAL_CORDIC_Init)
    i.HAL_CORDIC_MspInit                     0x080015dc   Section        0  stm32g4xx_hal_msp.o(i.HAL_CORDIC_MspInit)
    i.HAL_DMA_IRQHandler                     0x08001674   Section        0  stm32g4xx_hal_dma.o(i.HAL_DMA_IRQHandler)
    i.HAL_DMA_Init                           0x08001730   Section        0  stm32g4xx_hal_dma.o(i.HAL_DMA_Init)
    i.HAL_DMA_Start_IT                       0x080017f0   Section        0  stm32g4xx_hal_dma.o(i.HAL_DMA_Start_IT)
    i.HAL_FDCAN_ActivateNotification         0x0800187c   Section        0  stm32g4xx_hal_fdcan.o(i.HAL_FDCAN_ActivateNotification)
    i.HAL_FDCAN_AddMessageToTxFifoQ          0x0800195c   Section        0  stm32g4xx_hal_fdcan.o(i.HAL_FDCAN_AddMessageToTxFifoQ)
    i.HAL_FDCAN_ConfigFilter                 0x080019a6   Section        0  stm32g4xx_hal_fdcan.o(i.HAL_FDCAN_ConfigFilter)
    i.HAL_FDCAN_ErrorCallback                0x08001a02   Section        0  stm32g4xx_hal_fdcan.o(i.HAL_FDCAN_ErrorCallback)
    i.HAL_FDCAN_ErrorStatusCallback          0x08001a04   Section        0  stm32g4xx_hal_fdcan.o(i.HAL_FDCAN_ErrorStatusCallback)
    i.HAL_FDCAN_HighPriorityMessageCallback  0x08001a06   Section        0  stm32g4xx_hal_fdcan.o(i.HAL_FDCAN_HighPriorityMessageCallback)
    i.HAL_FDCAN_IRQHandler                   0x08001a08   Section        0  stm32g4xx_hal_fdcan.o(i.HAL_FDCAN_IRQHandler)
    i.HAL_FDCAN_Init                         0x08001b6c   Section        0  stm32g4xx_hal_fdcan.o(i.HAL_FDCAN_Init)
    i.HAL_FDCAN_MspInit                      0x08001d84   Section        0  stm32g4xx_hal_msp.o(i.HAL_FDCAN_MspInit)
    i.HAL_FDCAN_RxFifo0Callback              0x08001e10   Section        0  stm32g4xx_hal_fdcan.o(i.HAL_FDCAN_RxFifo0Callback)
    i.HAL_FDCAN_RxFifo1Callback              0x08001e12   Section        0  stm32g4xx_hal_fdcan.o(i.HAL_FDCAN_RxFifo1Callback)
    i.HAL_FDCAN_Start                        0x08001e14   Section        0  stm32g4xx_hal_fdcan.o(i.HAL_FDCAN_Start)
    i.HAL_FDCAN_TimeoutOccurredCallback      0x08001e40   Section        0  stm32g4xx_hal_fdcan.o(i.HAL_FDCAN_TimeoutOccurredCallback)
    i.HAL_FDCAN_TimestampWraparoundCallback  0x08001e42   Section        0  stm32g4xx_hal_fdcan.o(i.HAL_FDCAN_TimestampWraparoundCallback)
    i.HAL_FDCAN_TxBufferAbortCallback        0x08001e44   Section        0  stm32g4xx_hal_fdcan.o(i.HAL_FDCAN_TxBufferAbortCallback)
    i.HAL_FDCAN_TxBufferCompleteCallback     0x08001e46   Section        0  stm32g4xx_hal_fdcan.o(i.HAL_FDCAN_TxBufferCompleteCallback)
    i.HAL_FDCAN_TxEventFifoCallback          0x08001e48   Section        0  stm32g4xx_hal_fdcan.o(i.HAL_FDCAN_TxEventFifoCallback)
    i.HAL_FDCAN_TxFifoEmptyCallback          0x08001e4a   Section        0  stm32g4xx_hal_fdcan.o(i.HAL_FDCAN_TxFifoEmptyCallback)
    i.HAL_FMAC_Init                          0x08001e4c   Section        0  stm32g4xx_hal_fmac.o(i.HAL_FMAC_Init)
    i.HAL_FMAC_MspInit                       0x08001ea0   Section        0  stm32g4xx_hal_msp.o(i.HAL_FMAC_MspInit)
    i.HAL_GPIO_Init                          0x08001ec8   Section        0  stm32g4xx_hal_gpio.o(i.HAL_GPIO_Init)
    i.HAL_GetTick                            0x08002110   Section        0  stm32g4xx_hal.o(i.HAL_GetTick)
    i.HAL_IncTick                            0x0800211c   Section        0  stm32g4xx_hal.o(i.HAL_IncTick)
    i.HAL_Init                               0x0800212c   Section        0  stm32g4xx_hal.o(i.HAL_Init)
    i.HAL_InitTick                           0x0800214c   Section        0  stm32g4xx_hal.o(i.HAL_InitTick)
    i.HAL_MspInit                            0x08002190   Section        0  stm32g4xx_hal_msp.o(i.HAL_MspInit)
    i.HAL_NVIC_EnableIRQ                     0x080021c0   Section        0  stm32g4xx_hal_cortex.o(i.HAL_NVIC_EnableIRQ)
    i.HAL_NVIC_SetPriority                   0x080021dc   Section        0  stm32g4xx_hal_cortex.o(i.HAL_NVIC_SetPriority)
    i.HAL_NVIC_SetPriorityGrouping           0x0800221c   Section        0  stm32g4xx_hal_cortex.o(i.HAL_NVIC_SetPriorityGrouping)
    i.HAL_PWREx_ControlVoltageScaling        0x08002240   Section        0  stm32g4xx_hal_pwr_ex.o(i.HAL_PWREx_ControlVoltageScaling)
    i.HAL_PWREx_DisableUCPDDeadBattery       0x080022fc   Section        0  stm32g4xx_hal_pwr_ex.o(i.HAL_PWREx_DisableUCPDDeadBattery)
    i.HAL_RCCEx_PeriphCLKConfig              0x0800230c   Section        0  stm32g4xx_hal_rcc_ex.o(i.HAL_RCCEx_PeriphCLKConfig)
    i.HAL_RCC_ClockConfig                    0x0800260c   Section        0  stm32g4xx_hal_rcc.o(i.HAL_RCC_ClockConfig)
    i.HAL_RCC_GetSysClockFreq                0x080027e8   Section        0  stm32g4xx_hal_rcc.o(i.HAL_RCC_GetSysClockFreq)
    i.HAL_RCC_OscConfig                      0x08002854   Section        0  stm32g4xx_hal_rcc.o(i.HAL_RCC_OscConfig)
    i.HAL_SYSTICK_Config                     0x08002c58   Section        0  stm32g4xx_hal_cortex.o(i.HAL_SYSTICK_Config)
    i.HAL_TIMEx_Break2Callback               0x08002c80   Section        0  stm32g4xx_hal_tim_ex.o(i.HAL_TIMEx_Break2Callback)
    i.HAL_TIMEx_BreakCallback                0x08002c82   Section        0  stm32g4xx_hal_tim_ex.o(i.HAL_TIMEx_BreakCallback)
    i.HAL_TIMEx_CommutCallback               0x08002c84   Section        0  stm32g4xx_hal_tim_ex.o(i.HAL_TIMEx_CommutCallback)
    i.HAL_TIMEx_ConfigBreakDeadTime          0x08002c88   Section        0  stm32g4xx_hal_tim_ex.o(i.HAL_TIMEx_ConfigBreakDeadTime)
    i.HAL_TIMEx_DirectionChangeCallback      0x08002d30   Section        0  stm32g4xx_hal_tim_ex.o(i.HAL_TIMEx_DirectionChangeCallback)
    i.HAL_TIMEx_EncoderIndexCallback         0x08002d32   Section        0  stm32g4xx_hal_tim_ex.o(i.HAL_TIMEx_EncoderIndexCallback)
    i.HAL_TIMEx_IndexErrorCallback           0x08002d34   Section        0  stm32g4xx_hal_tim_ex.o(i.HAL_TIMEx_IndexErrorCallback)
    i.HAL_TIMEx_MasterConfigSynchronization  0x08002d38   Section        0  stm32g4xx_hal_tim_ex.o(i.HAL_TIMEx_MasterConfigSynchronization)
    i.HAL_TIMEx_TransitionErrorCallback      0x08002df0   Section        0  stm32g4xx_hal_tim_ex.o(i.HAL_TIMEx_TransitionErrorCallback)
    i.HAL_TIM_Base_Init                      0x08002df2   Section        0  stm32g4xx_hal_tim.o(i.HAL_TIM_Base_Init)
    i.HAL_TIM_Base_MspInit                   0x08002e54   Section        0  stm32g4xx_hal_msp.o(i.HAL_TIM_Base_MspInit)
    i.HAL_TIM_Base_Start_IT                  0x08002e8c   Section        0  stm32g4xx_hal_tim.o(i.HAL_TIM_Base_Start_IT)
    i.HAL_TIM_ConfigClockSource              0x08002f18   Section        0  stm32g4xx_hal_tim.o(i.HAL_TIM_ConfigClockSource)
    i.HAL_TIM_IC_CaptureCallback             0x08003008   Section        0  stm32g4xx_hal_tim.o(i.HAL_TIM_IC_CaptureCallback)
    i.HAL_TIM_IRQHandler                     0x0800300a   Section        0  stm32g4xx_hal_tim.o(i.HAL_TIM_IRQHandler)
    i.HAL_TIM_MspPostInit                    0x080031ac   Section        0  stm32g4xx_hal_msp.o(i.HAL_TIM_MspPostInit)
    i.HAL_TIM_OC_DelayElapsedCallback        0x08003200   Section        0  stm32g4xx_hal_tim.o(i.HAL_TIM_OC_DelayElapsedCallback)
    i.HAL_TIM_PWM_ConfigChannel              0x08003202   Section        0  stm32g4xx_hal_tim.o(i.HAL_TIM_PWM_ConfigChannel)
    i.HAL_TIM_PWM_Init                       0x08003326   Section        0  stm32g4xx_hal_tim.o(i.HAL_TIM_PWM_Init)
    i.HAL_TIM_PWM_MspInit                    0x08003388   Section        0  stm32g4xx_hal_msp.o(i.HAL_TIM_PWM_MspInit)
    i.HAL_TIM_PWM_PulseFinishedCallback      0x080033b0   Section        0  stm32g4xx_hal_tim.o(i.HAL_TIM_PWM_PulseFinishedCallback)
    i.HAL_TIM_PWM_Start                      0x080033b4   Section        0  stm32g4xx_hal_tim.o(i.HAL_TIM_PWM_Start)
    i.HAL_TIM_PeriodElapsedCallback          0x080034c8   Section        0  stm32g4xx_hal_tim.o(i.HAL_TIM_PeriodElapsedCallback)
    i.HAL_TIM_TriggerCallback                0x080034ca   Section        0  stm32g4xx_hal_tim.o(i.HAL_TIM_TriggerCallback)
    i.HardFault_Handler                      0x080034cc   Section        0  stm32g4xx_it.o(i.HardFault_Handler)
    i.LED_Control                            0x080034d0   Section        0  main.o(i.LED_Control)
    i.LL_ADC_GetOffsetChannel                0x0800358c   Section        0  stm32g4xx_hal_adc.o(i.LL_ADC_GetOffsetChannel)
    LL_ADC_GetOffsetChannel                  0x0800358d   Thumb Code    12  stm32g4xx_hal_adc.o(i.LL_ADC_GetOffsetChannel)
    i.LL_ADC_INJ_IsConversionOngoing         0x08003598   Section        0  stm32g4xx_hal_adc.o(i.LL_ADC_INJ_IsConversionOngoing)
    LL_ADC_INJ_IsConversionOngoing           0x08003599   Thumb Code     8  stm32g4xx_hal_adc.o(i.LL_ADC_INJ_IsConversionOngoing)
    i.LL_ADC_REG_IsConversionOngoing         0x080035a0   Section        0  stm32g4xx_hal_adc.o(i.LL_ADC_REG_IsConversionOngoing)
    LL_ADC_REG_IsConversionOngoing           0x080035a1   Thumb Code     8  stm32g4xx_hal_adc.o(i.LL_ADC_REG_IsConversionOngoing)
    i.LL_ADC_REG_IsConversionOngoing         0x080035a8   Section        0  stm32g4xx_hal_adc_ex.o(i.LL_ADC_REG_IsConversionOngoing)
    LL_ADC_REG_IsConversionOngoing           0x080035a9   Thumb Code     8  stm32g4xx_hal_adc_ex.o(i.LL_ADC_REG_IsConversionOngoing)
    i.LL_ADC_REG_IsTriggerSourceSWStart      0x080035b0   Section        0  stm32g4xx_hal_adc.o(i.LL_ADC_REG_IsTriggerSourceSWStart)
    LL_ADC_REG_IsTriggerSourceSWStart        0x080035b1   Thumb Code    16  stm32g4xx_hal_adc.o(i.LL_ADC_REG_IsTriggerSourceSWStart)
    i.LL_ADC_SetChannelSamplingTime          0x080035c0   Section        0  stm32g4xx_hal_adc.o(i.LL_ADC_SetChannelSamplingTime)
    LL_ADC_SetChannelSamplingTime            0x080035c1   Thumb Code    30  stm32g4xx_hal_adc.o(i.LL_ADC_SetChannelSamplingTime)
    i.LL_ADC_SetOffsetState                  0x080035de   Section        0  stm32g4xx_hal_adc.o(i.LL_ADC_SetOffsetState)
    LL_ADC_SetOffsetState                    0x080035df   Thumb Code    16  stm32g4xx_hal_adc.o(i.LL_ADC_SetOffsetState)
    i.MX_ADC1_Init                           0x080035f0   Section        0  main.o(i.MX_ADC1_Init)
    MX_ADC1_Init                             0x080035f1   Thumb Code   204  main.o(i.MX_ADC1_Init)
    i.MX_ADC2_Init                           0x080036d0   Section        0  main.o(i.MX_ADC2_Init)
    MX_ADC2_Init                             0x080036d1   Thumb Code   180  main.o(i.MX_ADC2_Init)
    i.MX_ADC3_Init                           0x0800379c   Section        0  main.o(i.MX_ADC3_Init)
    MX_ADC3_Init                             0x0800379d   Thumb Code   160  main.o(i.MX_ADC3_Init)
    i.MX_ADC4_Init                           0x0800384c   Section        0  main.o(i.MX_ADC4_Init)
    MX_ADC4_Init                             0x0800384d   Thumb Code   138  main.o(i.MX_ADC4_Init)
    i.MX_DMA_Init                            0x080038e8   Section        0  main.o(i.MX_DMA_Init)
    MX_DMA_Init                              0x080038e9   Thumb Code   136  main.o(i.MX_DMA_Init)
    i.MX_FDCAN1_Init                         0x08003974   Section        0  main.o(i.MX_FDCAN1_Init)
    MX_FDCAN1_Init                           0x08003975   Thumb Code   112  main.o(i.MX_FDCAN1_Init)
    i.MX_TIM1_Init                           0x080039f0   Section        0  main.o(i.MX_TIM1_Init)
    MX_TIM1_Init                             0x080039f1   Thumb Code   174  main.o(i.MX_TIM1_Init)
    i.MX_TIM2_Init                           0x08003aa8   Section        0  main.o(i.MX_TIM2_Init)
    MX_TIM2_Init                             0x08003aa9   Thumb Code    98  main.o(i.MX_TIM2_Init)
    i.MemManage_Handler                      0x08003b10   Section        0  stm32g4xx_it.o(i.MemManage_Handler)
    i.NMI_Handler                            0x08003b12   Section        0  stm32g4xx_it.o(i.NMI_Handler)
    i.PendSV_Handler                         0x08003b14   Section        0  stm32g4xx_it.o(i.PendSV_Handler)
    i.SVC_Handler                            0x08003b16   Section        0  stm32g4xx_it.o(i.SVC_Handler)
    i.SysTick_Handler                        0x08003b18   Section        0  stm32g4xx_it.o(i.SysTick_Handler)
    i.SystemClock_Config                     0x08003b1c   Section        0  main.o(i.SystemClock_Config)
    i.SystemInit                             0x08003b80   Section        0  system_stm32g4xx.o(i.SystemInit)
    i.TIM2_IRQHandler                        0x08003b90   Section        0  stm32g4xx_it.o(i.TIM2_IRQHandler)
    i.TIM_Base_SetConfig                     0x08003ba8   Section        0  stm32g4xx_hal_tim.o(i.TIM_Base_SetConfig)
    i.TIM_CCxChannelCmd                      0x08003c8c   Section        0  stm32g4xx_hal_tim.o(i.TIM_CCxChannelCmd)
    i.TIM_ETR_SetConfig                      0x08003ca6   Section        0  stm32g4xx_hal_tim.o(i.TIM_ETR_SetConfig)
    i.TIM_ITRx_SetConfig                     0x08003cbc   Section        0  stm32g4xx_hal_tim.o(i.TIM_ITRx_SetConfig)
    TIM_ITRx_SetConfig                       0x08003cbd   Thumb Code    16  stm32g4xx_hal_tim.o(i.TIM_ITRx_SetConfig)
    i.TIM_OC1_SetConfig                      0x08003cd0   Section        0  stm32g4xx_hal_tim.o(i.TIM_OC1_SetConfig)
    TIM_OC1_SetConfig                        0x08003cd1   Thumb Code   144  stm32g4xx_hal_tim.o(i.TIM_OC1_SetConfig)
    i.TIM_OC2_SetConfig                      0x08003d7c   Section        0  stm32g4xx_hal_tim.o(i.TIM_OC2_SetConfig)
    i.TIM_OC3_SetConfig                      0x08003e1c   Section        0  stm32g4xx_hal_tim.o(i.TIM_OC3_SetConfig)
    TIM_OC3_SetConfig                        0x08003e1d   Thumb Code   130  stm32g4xx_hal_tim.o(i.TIM_OC3_SetConfig)
    i.TIM_OC4_SetConfig                      0x08003ebc   Section        0  stm32g4xx_hal_tim.o(i.TIM_OC4_SetConfig)
    TIM_OC4_SetConfig                        0x08003ebd   Thumb Code   132  stm32g4xx_hal_tim.o(i.TIM_OC4_SetConfig)
    i.TIM_OC5_SetConfig                      0x08003f5c   Section        0  stm32g4xx_hal_tim.o(i.TIM_OC5_SetConfig)
    TIM_OC5_SetConfig                        0x08003f5d   Thumb Code    92  stm32g4xx_hal_tim.o(i.TIM_OC5_SetConfig)
    i.TIM_OC6_SetConfig                      0x08003fd4   Section        0  stm32g4xx_hal_tim.o(i.TIM_OC6_SetConfig)
    TIM_OC6_SetConfig                        0x08003fd5   Thumb Code    94  stm32g4xx_hal_tim.o(i.TIM_OC6_SetConfig)
    i.TIM_TI1_ConfigInputStage               0x08004050   Section        0  stm32g4xx_hal_tim.o(i.TIM_TI1_ConfigInputStage)
    TIM_TI1_ConfigInputStage                 0x08004051   Thumb Code    34  stm32g4xx_hal_tim.o(i.TIM_TI1_ConfigInputStage)
    i.TIM_TI2_ConfigInputStage               0x08004072   Section        0  stm32g4xx_hal_tim.o(i.TIM_TI2_ConfigInputStage)
    TIM_TI2_ConfigInputStage                 0x08004073   Thumb Code    36  stm32g4xx_hal_tim.o(i.TIM_TI2_ConfigInputStage)
    i.UsageFault_Handler                     0x08004096   Section        0  stm32g4xx_it.o(i.UsageFault_Handler)
    i.__NVIC_SetPriority                     0x08004098   Section        0  stm32g4xx_hal_cortex.o(i.__NVIC_SetPriority)
    __NVIC_SetPriority                       0x08004099   Thumb Code    32  stm32g4xx_hal_cortex.o(i.__NVIC_SetPriority)
    i.cordic31_to_value                      0x080040b8   Section        0  cordic.o(i.cordic31_to_value)
    i.cordic_calculate_start                 0x080040f0   Section        0  cordic.o(i.cordic_calculate_start)
    i.cordic_config                          0x08004128   Section        0  cordic.o(i.cordic_config)
    i.cordic_get_result                      0x08004154   Section        0  cordic.o(i.cordic_get_result)
    i.main                                   0x08004184   Section        0  main.o(i.main)
    i.value_to_cordic31                      0x08004360   Section        0  cordic.o(i.value_to_cordic31)
    x$fpl$fpinit                             0x0800437c   Section       10  fpinit.o(x$fpl$fpinit)
    $v0                                      0x0800437c   Number         0  fpinit.o(x$fpl$fpinit)
    .constdata                               0x08004386   Section       16  stm32g4xx_hal_fdcan.o(.constdata)
    DLCtoBytes                               0x08004386   Data          16  stm32g4xx_hal_fdcan.o(.constdata)
    .constdata                               0x08004396   Section       16  system_stm32g4xx.o(.constdata)
    .data                                    0x20000000   Section       12  cordic.o(.data)
    .data                                    0x2000000c   Section       64  main.o(.data)
    .data                                    0x2000004c   Section        8  stm32g4xx_hal_msp.o(.data)
    HAL_RCC_ADC12_CLK_ENABLED                0x2000004c   Data           4  stm32g4xx_hal_msp.o(.data)
    HAL_RCC_ADC345_CLK_ENABLED               0x20000050   Data           4  stm32g4xx_hal_msp.o(.data)
    .data                                    0x20000054   Section       12  stm32g4xx_hal.o(.data)
    .data                                    0x20000060   Section        4  system_stm32g4xx.o(.data)
    .bss                                     0x20000064   Section       28  cordic.o(.bss)
    .bss                                     0x20000080   Section     1096  main.o(.bss)
    .bss                                     0x200004c8   Section       96  main.o(.bss)
    .bss                                     0x20000528   Section       96  main.o(.bss)
    .bss                                     0x20000588   Section       96  main.o(.bss)
    .bss                                     0x200005e8   Section       96  main.o(.bss)
    .bss                                     0x20000648   Section       96  main.o(.bss)
    .bss                                     0x200006a8   Section       96  main.o(.bss)
    .bss                                     0x20000708   Section       96  libspace.o(.bss)
    HEAP                                     0x20000768   Section      512  startup_stm32g474xx.o(HEAP)
    Heap_Mem                                 0x20000768   Data         512  startup_stm32g474xx.o(HEAP)
    STACK                                    0x20000968   Section     1024  startup_stm32g474xx.o(STACK)
    Stack_Mem                                0x20000968   Data        1024  startup_stm32g474xx.o(STACK)
    __initial_sp                             0x20000d68   Data           0  startup_stm32g474xx.o(STACK)

    Global Symbols

    Symbol Name                              Value     Ov Type        Size  Object(Section)

    BuildAttributes$$THM_ISAv4$E$P$D$K$B$S$7EM$VFPi3$EXTD16$VFPS$VFMA$PE$A:L22UL41UL21$X:L11$S22US41US21$IEEE1$IW$USESV6$~STKCKD$USESV7$~SHL$OSPACE$ROPI$EBA8$UX$STANDARDLIB$REQ8$PRES8$EABIv2 0x00000000   Number         0  anon$$obj.o ABSOLUTE
    __ARM_use_no_argv                        0x00000000   Number         0  main.o ABSOLUTE
    __ARM_exceptions_init                     - Undefined Weak Reference
    __alloca_initialize                       - Undefined Weak Reference
    __arm_preinit_                            - Undefined Weak Reference
    __cpp_initialize__aeabi_                  - Undefined Weak Reference
    __cxa_finalize                            - Undefined Weak Reference
    __rt_locale                               - Undefined Weak Reference
    __sigvec_lookup                           - Undefined Weak Reference
    _atexit_init                              - Undefined Weak Reference
    _call_atexit_fns                          - Undefined Weak Reference
    _clock_init                               - Undefined Weak Reference
    _fp_trap_init                             - Undefined Weak Reference
    _fp_trap_shutdown                         - Undefined Weak Reference
    _get_lc_collate                           - Undefined Weak Reference
    _get_lc_ctype                             - Undefined Weak Reference
    _get_lc_monetary                          - Undefined Weak Reference
    _get_lc_numeric                           - Undefined Weak Reference
    _get_lc_time                              - Undefined Weak Reference
    _getenv_init                              - Undefined Weak Reference
    _handle_redirection                       - Undefined Weak Reference
    _init_alloc                               - Undefined Weak Reference
    _init_user_alloc                          - Undefined Weak Reference
    _initio                                   - Undefined Weak Reference
    _rand_init                                - Undefined Weak Reference
    _signal_finish                            - Undefined Weak Reference
    _signal_init                              - Undefined Weak Reference
    _terminate_alloc                          - Undefined Weak Reference
    _terminate_user_alloc                     - Undefined Weak Reference
    _terminateio                              - Undefined Weak Reference
    __Vectors_Size                           0x000001d8   Number         0  startup_stm32g474xx.o ABSOLUTE
    __Vectors                                0x08000000   Data           4  startup_stm32g474xx.o(RESET)
    __Vectors_End                            0x080001d8   Data           0  startup_stm32g474xx.o(RESET)
    __main                                   0x080001d9   Thumb Code     8  __main.o(!!!main)
    __scatterload                            0x080001e1   Thumb Code     0  __scatter.o(!!!scatter)
    __scatterload_rt2                        0x080001e1   Thumb Code    44  __scatter.o(!!!scatter)
    __scatterload_rt2_thumb_only             0x080001e1   Thumb Code     0  __scatter.o(!!!scatter)
    __scatterload_null                       0x080001ef   Thumb Code     0  __scatter.o(!!!scatter)
    __scatterload_copy                       0x08000215   Thumb Code    26  __scatter_copy.o(!!handler_copy)
    __scatterload_zeroinit                   0x08000231   Thumb Code    28  __scatter_zi.o(!!handler_zi)
    __rt_lib_init                            0x0800024d   Thumb Code     0  libinit.o(.ARM.Collect$$libinit$$00000000)
    __rt_lib_init_fp_1                       0x0800024f   Thumb Code     0  libinit2.o(.ARM.Collect$$libinit$$00000001)
    __rt_lib_init_alloca_1                   0x08000253   Thumb Code     0  libinit2.o(.ARM.Collect$$libinit$$0000002E)
    __rt_lib_init_argv_1                     0x08000253   Thumb Code     0  libinit2.o(.ARM.Collect$$libinit$$0000002C)
    __rt_lib_init_atexit_1                   0x08000253   Thumb Code     0  libinit2.o(.ARM.Collect$$libinit$$0000001B)
    __rt_lib_init_clock_1                    0x08000253   Thumb Code     0  libinit2.o(.ARM.Collect$$libinit$$00000021)
    __rt_lib_init_cpp_1                      0x08000253   Thumb Code     0  libinit2.o(.ARM.Collect$$libinit$$00000032)
    __rt_lib_init_exceptions_1               0x08000253   Thumb Code     0  libinit2.o(.ARM.Collect$$libinit$$00000030)
    __rt_lib_init_fp_trap_1                  0x08000253   Thumb Code     0  libinit2.o(.ARM.Collect$$libinit$$0000001F)
    __rt_lib_init_getenv_1                   0x08000253   Thumb Code     0  libinit2.o(.ARM.Collect$$libinit$$00000023)
    __rt_lib_init_heap_1                     0x08000253   Thumb Code     0  libinit2.o(.ARM.Collect$$libinit$$0000000A)
    __rt_lib_init_lc_collate_1               0x08000253   Thumb Code     0  libinit2.o(.ARM.Collect$$libinit$$00000011)
    __rt_lib_init_lc_ctype_1                 0x08000253   Thumb Code     0  libinit2.o(.ARM.Collect$$libinit$$00000013)
    __rt_lib_init_lc_monetary_1              0x08000253   Thumb Code     0  libinit2.o(.ARM.Collect$$libinit$$00000015)
    __rt_lib_init_lc_numeric_1               0x08000253   Thumb Code     0  libinit2.o(.ARM.Collect$$libinit$$00000017)
    __rt_lib_init_lc_time_1                  0x08000253   Thumb Code     0  libinit2.o(.ARM.Collect$$libinit$$00000019)
    __rt_lib_init_preinit_1                  0x08000253   Thumb Code     0  libinit2.o(.ARM.Collect$$libinit$$00000004)
    __rt_lib_init_rand_1                     0x08000253   Thumb Code     0  libinit2.o(.ARM.Collect$$libinit$$0000000E)
    __rt_lib_init_return                     0x08000253   Thumb Code     0  libinit2.o(.ARM.Collect$$libinit$$00000033)
    __rt_lib_init_signal_1                   0x08000253   Thumb Code     0  libinit2.o(.ARM.Collect$$libinit$$0000001D)
    __rt_lib_init_stdio_1                    0x08000253   Thumb Code     0  libinit2.o(.ARM.Collect$$libinit$$00000025)
    __rt_lib_init_user_alloc_1               0x08000253   Thumb Code     0  libinit2.o(.ARM.Collect$$libinit$$0000000C)
    __rt_lib_shutdown                        0x08000255   Thumb Code     0  libshutdown.o(.ARM.Collect$$libshutdown$$00000000)
    __rt_lib_shutdown_cpp_1                  0x08000257   Thumb Code     0  libshutdown2.o(.ARM.Collect$$libshutdown$$00000002)
    __rt_lib_shutdown_fp_trap_1              0x08000257   Thumb Code     0  libshutdown2.o(.ARM.Collect$$libshutdown$$00000007)
    __rt_lib_shutdown_heap_1                 0x08000257   Thumb Code     0  libshutdown2.o(.ARM.Collect$$libshutdown$$0000000F)
    __rt_lib_shutdown_return                 0x08000257   Thumb Code     0  libshutdown2.o(.ARM.Collect$$libshutdown$$00000010)
    __rt_lib_shutdown_signal_1               0x08000257   Thumb Code     0  libshutdown2.o(.ARM.Collect$$libshutdown$$0000000A)
    __rt_lib_shutdown_stdio_1                0x08000257   Thumb Code     0  libshutdown2.o(.ARM.Collect$$libshutdown$$00000004)
    __rt_lib_shutdown_user_alloc_1           0x08000257   Thumb Code     0  libshutdown2.o(.ARM.Collect$$libshutdown$$0000000C)
    __rt_entry                               0x08000259   Thumb Code     0  __rtentry.o(.ARM.Collect$$rtentry$$00000000)
    __rt_entry_presh_1                       0x08000259   Thumb Code     0  __rtentry2.o(.ARM.Collect$$rtentry$$00000002)
    __rt_entry_sh                            0x08000259   Thumb Code     0  __rtentry4.o(.ARM.Collect$$rtentry$$00000004)
    __rt_entry_li                            0x0800025f   Thumb Code     0  __rtentry2.o(.ARM.Collect$$rtentry$$0000000A)
    __rt_entry_postsh_1                      0x0800025f   Thumb Code     0  __rtentry2.o(.ARM.Collect$$rtentry$$00000009)
    __rt_entry_main                          0x08000263   Thumb Code     0  __rtentry2.o(.ARM.Collect$$rtentry$$0000000D)
    __rt_entry_postli_1                      0x08000263   Thumb Code     0  __rtentry2.o(.ARM.Collect$$rtentry$$0000000C)
    __rt_exit                                0x0800026b   Thumb Code     0  rtexit.o(.ARM.Collect$$rtexit$$00000000)
    __rt_exit_ls                             0x0800026d   Thumb Code     0  rtexit2.o(.ARM.Collect$$rtexit$$00000003)
    __rt_exit_prels_1                        0x0800026d   Thumb Code     0  rtexit2.o(.ARM.Collect$$rtexit$$00000002)
    __rt_exit_exit                           0x08000271   Thumb Code     0  rtexit2.o(.ARM.Collect$$rtexit$$00000004)
    Reset_Handler                            0x08000279   Thumb Code     8  startup_stm32g474xx.o(.text)
    ADC1_2_IRQHandler                        0x08000293   Thumb Code     0  startup_stm32g474xx.o(.text)
    ADC3_IRQHandler                          0x08000293   Thumb Code     0  startup_stm32g474xx.o(.text)
    ADC4_IRQHandler                          0x08000293   Thumb Code     0  startup_stm32g474xx.o(.text)
    ADC5_IRQHandler                          0x08000293   Thumb Code     0  startup_stm32g474xx.o(.text)
    COMP1_2_3_IRQHandler                     0x08000293   Thumb Code     0  startup_stm32g474xx.o(.text)
    COMP4_5_6_IRQHandler                     0x08000293   Thumb Code     0  startup_stm32g474xx.o(.text)
    COMP7_IRQHandler                         0x08000293   Thumb Code     0  startup_stm32g474xx.o(.text)
    CORDIC_IRQHandler                        0x08000293   Thumb Code     0  startup_stm32g474xx.o(.text)
    CRS_IRQHandler                           0x08000293   Thumb Code     0  startup_stm32g474xx.o(.text)
    DMA1_Channel7_IRQHandler                 0x08000293   Thumb Code     0  startup_stm32g474xx.o(.text)
    DMA1_Channel8_IRQHandler                 0x08000293   Thumb Code     0  startup_stm32g474xx.o(.text)
    DMA2_Channel1_IRQHandler                 0x08000293   Thumb Code     0  startup_stm32g474xx.o(.text)
    DMA2_Channel2_IRQHandler                 0x08000293   Thumb Code     0  startup_stm32g474xx.o(.text)
    DMA2_Channel3_IRQHandler                 0x08000293   Thumb Code     0  startup_stm32g474xx.o(.text)
    DMA2_Channel4_IRQHandler                 0x08000293   Thumb Code     0  startup_stm32g474xx.o(.text)
    DMA2_Channel5_IRQHandler                 0x08000293   Thumb Code     0  startup_stm32g474xx.o(.text)
    DMA2_Channel6_IRQHandler                 0x08000293   Thumb Code     0  startup_stm32g474xx.o(.text)
    DMA2_Channel7_IRQHandler                 0x08000293   Thumb Code     0  startup_stm32g474xx.o(.text)
    DMA2_Channel8_IRQHandler                 0x08000293   Thumb Code     0  startup_stm32g474xx.o(.text)
    DMAMUX_OVR_IRQHandler                    0x08000293   Thumb Code     0  startup_stm32g474xx.o(.text)
    EXTI0_IRQHandler                         0x08000293   Thumb Code     0  startup_stm32g474xx.o(.text)
    EXTI15_10_IRQHandler                     0x08000293   Thumb Code     0  startup_stm32g474xx.o(.text)
    EXTI1_IRQHandler                         0x08000293   Thumb Code     0  startup_stm32g474xx.o(.text)
    EXTI2_IRQHandler                         0x08000293   Thumb Code     0  startup_stm32g474xx.o(.text)
    EXTI3_IRQHandler                         0x08000293   Thumb Code     0  startup_stm32g474xx.o(.text)
    EXTI4_IRQHandler                         0x08000293   Thumb Code     0  startup_stm32g474xx.o(.text)
    EXTI9_5_IRQHandler                       0x08000293   Thumb Code     0  startup_stm32g474xx.o(.text)
    FDCAN1_IT1_IRQHandler                    0x08000293   Thumb Code     0  startup_stm32g474xx.o(.text)
    FDCAN2_IT0_IRQHandler                    0x08000293   Thumb Code     0  startup_stm32g474xx.o(.text)
    FDCAN2_IT1_IRQHandler                    0x08000293   Thumb Code     0  startup_stm32g474xx.o(.text)
    FDCAN3_IT0_IRQHandler                    0x08000293   Thumb Code     0  startup_stm32g474xx.o(.text)
    FDCAN3_IT1_IRQHandler                    0x08000293   Thumb Code     0  startup_stm32g474xx.o(.text)
    FLASH_IRQHandler                         0x08000293   Thumb Code     0  startup_stm32g474xx.o(.text)
    FMAC_IRQHandler                          0x08000293   Thumb Code     0  startup_stm32g474xx.o(.text)
    FMC_IRQHandler                           0x08000293   Thumb Code     0  startup_stm32g474xx.o(.text)
    FPU_IRQHandler                           0x08000293   Thumb Code     0  startup_stm32g474xx.o(.text)
    HRTIM1_FLT_IRQHandler                    0x08000293   Thumb Code     0  startup_stm32g474xx.o(.text)
    HRTIM1_Master_IRQHandler                 0x08000293   Thumb Code     0  startup_stm32g474xx.o(.text)
    HRTIM1_TIMA_IRQHandler                   0x08000293   Thumb Code     0  startup_stm32g474xx.o(.text)
    HRTIM1_TIMB_IRQHandler                   0x08000293   Thumb Code     0  startup_stm32g474xx.o(.text)
    HRTIM1_TIMC_IRQHandler                   0x08000293   Thumb Code     0  startup_stm32g474xx.o(.text)
    HRTIM1_TIMD_IRQHandler                   0x08000293   Thumb Code     0  startup_stm32g474xx.o(.text)
    HRTIM1_TIME_IRQHandler                   0x08000293   Thumb Code     0  startup_stm32g474xx.o(.text)
    HRTIM1_TIMF_IRQHandler                   0x08000293   Thumb Code     0  startup_stm32g474xx.o(.text)
    I2C1_ER_IRQHandler                       0x08000293   Thumb Code     0  startup_stm32g474xx.o(.text)
    I2C1_EV_IRQHandler                       0x08000293   Thumb Code     0  startup_stm32g474xx.o(.text)
    I2C2_ER_IRQHandler                       0x08000293   Thumb Code     0  startup_stm32g474xx.o(.text)
    I2C2_EV_IRQHandler                       0x08000293   Thumb Code     0  startup_stm32g474xx.o(.text)
    I2C3_ER_IRQHandler                       0x08000293   Thumb Code     0  startup_stm32g474xx.o(.text)
    I2C3_EV_IRQHandler                       0x08000293   Thumb Code     0  startup_stm32g474xx.o(.text)
    I2C4_ER_IRQHandler                       0x08000293   Thumb Code     0  startup_stm32g474xx.o(.text)
    I2C4_EV_IRQHandler                       0x08000293   Thumb Code     0  startup_stm32g474xx.o(.text)
    LPTIM1_IRQHandler                        0x08000293   Thumb Code     0  startup_stm32g474xx.o(.text)
    LPUART1_IRQHandler                       0x08000293   Thumb Code     0  startup_stm32g474xx.o(.text)
    PVD_PVM_IRQHandler                       0x08000293   Thumb Code     0  startup_stm32g474xx.o(.text)
    QUADSPI_IRQHandler                       0x08000293   Thumb Code     0  startup_stm32g474xx.o(.text)
    RCC_IRQHandler                           0x08000293   Thumb Code     0  startup_stm32g474xx.o(.text)
    RNG_IRQHandler                           0x08000293   Thumb Code     0  startup_stm32g474xx.o(.text)
    RTC_Alarm_IRQHandler                     0x08000293   Thumb Code     0  startup_stm32g474xx.o(.text)
    RTC_TAMP_LSECSS_IRQHandler               0x08000293   Thumb Code     0  startup_stm32g474xx.o(.text)
    RTC_WKUP_IRQHandler                      0x08000293   Thumb Code     0  startup_stm32g474xx.o(.text)
    SAI1_IRQHandler                          0x08000293   Thumb Code     0  startup_stm32g474xx.o(.text)
    SPI1_IRQHandler                          0x08000293   Thumb Code     0  startup_stm32g474xx.o(.text)
    SPI2_IRQHandler                          0x08000293   Thumb Code     0  startup_stm32g474xx.o(.text)
    SPI3_IRQHandler                          0x08000293   Thumb Code     0  startup_stm32g474xx.o(.text)
    SPI4_IRQHandler                          0x08000293   Thumb Code     0  startup_stm32g474xx.o(.text)
    TIM1_BRK_TIM15_IRQHandler                0x08000293   Thumb Code     0  startup_stm32g474xx.o(.text)
    TIM1_CC_IRQHandler                       0x08000293   Thumb Code     0  startup_stm32g474xx.o(.text)
    TIM1_TRG_COM_TIM17_IRQHandler            0x08000293   Thumb Code     0  startup_stm32g474xx.o(.text)
    TIM1_UP_TIM16_IRQHandler                 0x08000293   Thumb Code     0  startup_stm32g474xx.o(.text)
    TIM20_BRK_IRQHandler                     0x08000293   Thumb Code     0  startup_stm32g474xx.o(.text)
    TIM20_CC_IRQHandler                      0x08000293   Thumb Code     0  startup_stm32g474xx.o(.text)
    TIM20_TRG_COM_IRQHandler                 0x08000293   Thumb Code     0  startup_stm32g474xx.o(.text)
    TIM20_UP_IRQHandler                      0x08000293   Thumb Code     0  startup_stm32g474xx.o(.text)
    TIM3_IRQHandler                          0x08000293   Thumb Code     0  startup_stm32g474xx.o(.text)
    TIM4_IRQHandler                          0x08000293   Thumb Code     0  startup_stm32g474xx.o(.text)
    TIM5_IRQHandler                          0x08000293   Thumb Code     0  startup_stm32g474xx.o(.text)
    TIM6_DAC_IRQHandler                      0x08000293   Thumb Code     0  startup_stm32g474xx.o(.text)
    TIM7_DAC_IRQHandler                      0x08000293   Thumb Code     0  startup_stm32g474xx.o(.text)
    TIM8_BRK_IRQHandler                      0x08000293   Thumb Code     0  startup_stm32g474xx.o(.text)
    TIM8_CC_IRQHandler                       0x08000293   Thumb Code     0  startup_stm32g474xx.o(.text)
    TIM8_TRG_COM_IRQHandler                  0x08000293   Thumb Code     0  startup_stm32g474xx.o(.text)
    TIM8_UP_IRQHandler                       0x08000293   Thumb Code     0  startup_stm32g474xx.o(.text)
    UART4_IRQHandler                         0x08000293   Thumb Code     0  startup_stm32g474xx.o(.text)
    UART5_IRQHandler                         0x08000293   Thumb Code     0  startup_stm32g474xx.o(.text)
    UCPD1_IRQHandler                         0x08000293   Thumb Code     0  startup_stm32g474xx.o(.text)
    USART1_IRQHandler                        0x08000293   Thumb Code     0  startup_stm32g474xx.o(.text)
    USART2_IRQHandler                        0x08000293   Thumb Code     0  startup_stm32g474xx.o(.text)
    USART3_IRQHandler                        0x08000293   Thumb Code     0  startup_stm32g474xx.o(.text)
    USBWakeUp_IRQHandler                     0x08000293   Thumb Code     0  startup_stm32g474xx.o(.text)
    USB_HP_IRQHandler                        0x08000293   Thumb Code     0  startup_stm32g474xx.o(.text)
    USB_LP_IRQHandler                        0x08000293   Thumb Code     0  startup_stm32g474xx.o(.text)
    WWDG_IRQHandler                          0x08000293   Thumb Code     0  startup_stm32g474xx.o(.text)
    __user_initial_stackheap                 0x08000295   Thumb Code     0  startup_stm32g474xx.o(.text)
    __aeabi_memclr4                          0x080002b9   Thumb Code     0  rt_memclr_w.o(.text)
    __aeabi_memclr8                          0x080002b9   Thumb Code     0  rt_memclr_w.o(.text)
    __rt_memclr_w                            0x080002b9   Thumb Code    78  rt_memclr_w.o(.text)
    _memset_w                                0x080002bd   Thumb Code     0  rt_memclr_w.o(.text)
    __use_two_region_memory                  0x08000307   Thumb Code     2  heapauxi.o(.text)
    __rt_heap_escrow$2region                 0x08000309   Thumb Code     2  heapauxi.o(.text)
    __rt_heap_expand$2region                 0x0800030b   Thumb Code     2  heapauxi.o(.text)
    __user_setup_stackheap                   0x0800030d   Thumb Code    74  sys_stackheap_outer.o(.text)
    exit                                     0x08000357   Thumb Code    18  exit.o(.text)
    __user_libspace                          0x08000369   Thumb Code     8  libspace.o(.text)
    __user_perproc_libspace                  0x08000369   Thumb Code     0  libspace.o(.text)
    __user_perthread_libspace                0x08000369   Thumb Code     0  libspace.o(.text)
    _sys_exit                                0x08000371   Thumb Code     8  sys_exit.o(.text)
    __I$use$semihosting                      0x0800037d   Thumb Code     0  use_no_semi.o(.text)
    __use_no_semihosting_swi                 0x0800037d   Thumb Code     2  use_no_semi.o(.text)
    ADC_DMAConvCplt                          0x0800037f   Thumb Code   104  stm32g4xx_hal_adc.o(i.ADC_DMAConvCplt)
    __semihosting_library_function           0x0800037f   Thumb Code     0  indicate_semi.o(.text)
    ADC_DMAError                             0x080003e7   Thumb Code    26  stm32g4xx_hal_adc.o(i.ADC_DMAError)
    ADC_DMAHalfConvCplt                      0x08000401   Thumb Code    10  stm32g4xx_hal_adc.o(i.ADC_DMAHalfConvCplt)
    ADC_Enable                               0x0800040d   Thumb Code   172  stm32g4xx_hal_adc.o(i.ADC_Enable)
    Average_ADC_Value                        0x080004d1   Thumb Code   418  main.o(i.Average_ADC_Value)
    BusFault_Handler                         0x08000685   Thumb Code     2  stm32g4xx_it.o(i.BusFault_Handler)
    DMA1_Channel1_IRQHandler                 0x080006e1   Thumb Code     6  stm32g4xx_it.o(i.DMA1_Channel1_IRQHandler)
    DMA1_Channel2_IRQHandler                 0x080006ed   Thumb Code     6  stm32g4xx_it.o(i.DMA1_Channel2_IRQHandler)
    DMA1_Channel3_IRQHandler                 0x080006f9   Thumb Code     6  stm32g4xx_it.o(i.DMA1_Channel3_IRQHandler)
    DMA1_Channel4_IRQHandler                 0x08000705   Thumb Code     6  stm32g4xx_it.o(i.DMA1_Channel4_IRQHandler)
    DMA1_Channel5_IRQHandler                 0x08000711   Thumb Code     6  stm32g4xx_it.o(i.DMA1_Channel5_IRQHandler)
    DMA1_Channel6_IRQHandler                 0x0800071d   Thumb Code     6  stm32g4xx_it.o(i.DMA1_Channel6_IRQHandler)
    DebugMon_Handler                         0x080007cb   Thumb Code     2  stm32g4xx_it.o(i.DebugMon_Handler)
    Error_Handler                            0x080007cd   Thumb Code     4  main.o(i.Error_Handler)
    FDCAN1_IT0_IRQHandler                    0x080007d1   Thumb Code     6  stm32g4xx_it.o(i.FDCAN1_IT0_IRQHandler)
    FDCAN1_Send_Msg                          0x080007dd   Thumb Code    46  main.o(i.FDCAN1_Send_Msg)
    HAL_ADCEx_MultiModeConfigChannel         0x080008e9   Thumb Code   326  stm32g4xx_hal_adc_ex.o(i.HAL_ADCEx_MultiModeConfigChannel)
    HAL_ADC_ConfigChannel                    0x08000a49   Thumb Code  1066  stm32g4xx_hal_adc.o(i.HAL_ADC_ConfigChannel)
    HAL_ADC_ConvCpltCallback                 0x08000eb5   Thumb Code     2  stm32g4xx_hal_adc.o(i.HAL_ADC_ConvCpltCallback)
    HAL_ADC_ConvHalfCpltCallback             0x08000eb7   Thumb Code     2  stm32g4xx_hal_adc.o(i.HAL_ADC_ConvHalfCpltCallback)
    HAL_ADC_ErrorCallback                    0x08000eb9   Thumb Code     2  stm32g4xx_hal_adc.o(i.HAL_ADC_ErrorCallback)
    HAL_ADC_Init                             0x08000ebd   Thumb Code   510  stm32g4xx_hal_adc.o(i.HAL_ADC_Init)
    HAL_ADC_MspInit                          0x080010ed   Thumb Code   554  stm32g4xx_hal_msp.o(i.HAL_ADC_MspInit)
    HAL_ADC_Start_DMA                        0x08001349   Thumb Code   260  stm32g4xx_hal_adc.o(i.HAL_ADC_Start_DMA)
    HAL_CORDIC_CalculateCpltCallback         0x08001475   Thumb Code     2  stm32g4xx_hal_cordic.o(i.HAL_CORDIC_CalculateCpltCallback)
    HAL_CORDIC_Calculate_DMA                 0x08001479   Thumb Code   210  stm32g4xx_hal_cordic.o(i.HAL_CORDIC_Calculate_DMA)
    HAL_CORDIC_Configure                     0x08001559   Thumb Code    66  stm32g4xx_hal_cordic.o(i.HAL_CORDIC_Configure)
    HAL_CORDIC_ErrorCallback                 0x080015a1   Thumb Code     2  stm32g4xx_hal_cordic.o(i.HAL_CORDIC_ErrorCallback)
    HAL_CORDIC_GetState                      0x080015a3   Thumb Code     6  stm32g4xx_hal_cordic.o(i.HAL_CORDIC_GetState)
    HAL_CORDIC_Init                          0x080015a9   Thumb Code    52  stm32g4xx_hal_cordic.o(i.HAL_CORDIC_Init)
    HAL_CORDIC_MspInit                       0x080015dd   Thumb Code   130  stm32g4xx_hal_msp.o(i.HAL_CORDIC_MspInit)
    HAL_DMA_IRQHandler                       0x08001675   Thumb Code   186  stm32g4xx_hal_dma.o(i.HAL_DMA_IRQHandler)
    HAL_DMA_Init                             0x08001731   Thumb Code   178  stm32g4xx_hal_dma.o(i.HAL_DMA_Init)
    HAL_DMA_Start_IT                         0x080017f1   Thumb Code   140  stm32g4xx_hal_dma.o(i.HAL_DMA_Start_IT)
    HAL_FDCAN_ActivateNotification           0x0800187d   Thumb Code   224  stm32g4xx_hal_fdcan.o(i.HAL_FDCAN_ActivateNotification)
    HAL_FDCAN_AddMessageToTxFifoQ            0x0800195d   Thumb Code    74  stm32g4xx_hal_fdcan.o(i.HAL_FDCAN_AddMessageToTxFifoQ)
    HAL_FDCAN_ConfigFilter                   0x080019a7   Thumb Code    92  stm32g4xx_hal_fdcan.o(i.HAL_FDCAN_ConfigFilter)
    HAL_FDCAN_ErrorCallback                  0x08001a03   Thumb Code     2  stm32g4xx_hal_fdcan.o(i.HAL_FDCAN_ErrorCallback)
    HAL_FDCAN_ErrorStatusCallback            0x08001a05   Thumb Code     2  stm32g4xx_hal_fdcan.o(i.HAL_FDCAN_ErrorStatusCallback)
    HAL_FDCAN_HighPriorityMessageCallback    0x08001a07   Thumb Code     2  stm32g4xx_hal_fdcan.o(i.HAL_FDCAN_HighPriorityMessageCallback)
    HAL_FDCAN_IRQHandler                     0x08001a09   Thumb Code   356  stm32g4xx_hal_fdcan.o(i.HAL_FDCAN_IRQHandler)
    HAL_FDCAN_Init                           0x08001b6d   Thumb Code   512  stm32g4xx_hal_fdcan.o(i.HAL_FDCAN_Init)
    HAL_FDCAN_MspInit                        0x08001d85   Thumb Code   132  stm32g4xx_hal_msp.o(i.HAL_FDCAN_MspInit)
    HAL_FDCAN_RxFifo0Callback                0x08001e11   Thumb Code     2  stm32g4xx_hal_fdcan.o(i.HAL_FDCAN_RxFifo0Callback)
    HAL_FDCAN_RxFifo1Callback                0x08001e13   Thumb Code     2  stm32g4xx_hal_fdcan.o(i.HAL_FDCAN_RxFifo1Callback)
    HAL_FDCAN_Start                          0x08001e15   Thumb Code    44  stm32g4xx_hal_fdcan.o(i.HAL_FDCAN_Start)
    HAL_FDCAN_TimeoutOccurredCallback        0x08001e41   Thumb Code     2  stm32g4xx_hal_fdcan.o(i.HAL_FDCAN_TimeoutOccurredCallback)
    HAL_FDCAN_TimestampWraparoundCallback    0x08001e43   Thumb Code     2  stm32g4xx_hal_fdcan.o(i.HAL_FDCAN_TimestampWraparoundCallback)
    HAL_FDCAN_TxBufferAbortCallback          0x08001e45   Thumb Code     2  stm32g4xx_hal_fdcan.o(i.HAL_FDCAN_TxBufferAbortCallback)
    HAL_FDCAN_TxBufferCompleteCallback       0x08001e47   Thumb Code     2  stm32g4xx_hal_fdcan.o(i.HAL_FDCAN_TxBufferCompleteCallback)
    HAL_FDCAN_TxEventFifoCallback            0x08001e49   Thumb Code     2  stm32g4xx_hal_fdcan.o(i.HAL_FDCAN_TxEventFifoCallback)
    HAL_FDCAN_TxFifoEmptyCallback            0x08001e4b   Thumb Code     2  stm32g4xx_hal_fdcan.o(i.HAL_FDCAN_TxFifoEmptyCallback)
    HAL_FMAC_Init                            0x08001e4d   Thumb Code    84  stm32g4xx_hal_fmac.o(i.HAL_FMAC_Init)
    HAL_FMAC_MspInit                         0x08001ea1   Thumb Code    30  stm32g4xx_hal_msp.o(i.HAL_FMAC_MspInit)
    HAL_GPIO_Init                            0x08001ec9   Thumb Code   550  stm32g4xx_hal_gpio.o(i.HAL_GPIO_Init)
    HAL_GetTick                              0x08002111   Thumb Code     6  stm32g4xx_hal.o(i.HAL_GetTick)
    HAL_IncTick                              0x0800211d   Thumb Code    12  stm32g4xx_hal.o(i.HAL_IncTick)
    HAL_Init                                 0x0800212d   Thumb Code    30  stm32g4xx_hal.o(i.HAL_Init)
    HAL_InitTick                             0x0800214d   Thumb Code    58  stm32g4xx_hal.o(i.HAL_InitTick)
    HAL_MspInit                              0x08002191   Thumb Code    42  stm32g4xx_hal_msp.o(i.HAL_MspInit)
    HAL_NVIC_EnableIRQ                       0x080021c1   Thumb Code    26  stm32g4xx_hal_cortex.o(i.HAL_NVIC_EnableIRQ)
    HAL_NVIC_SetPriority                     0x080021dd   Thumb Code    60  stm32g4xx_hal_cortex.o(i.HAL_NVIC_SetPriority)
    HAL_NVIC_SetPriorityGrouping             0x0800221d   Thumb Code    26  stm32g4xx_hal_cortex.o(i.HAL_NVIC_SetPriorityGrouping)
    HAL_PWREx_ControlVoltageScaling          0x08002241   Thumb Code   174  stm32g4xx_hal_pwr_ex.o(i.HAL_PWREx_ControlVoltageScaling)
    HAL_PWREx_DisableUCPDDeadBattery         0x080022fd   Thumb Code    12  stm32g4xx_hal_pwr_ex.o(i.HAL_PWREx_DisableUCPDDeadBattery)
    HAL_RCCEx_PeriphCLKConfig                0x0800230d   Thumb Code   758  stm32g4xx_hal_rcc_ex.o(i.HAL_RCCEx_PeriphCLKConfig)
    HAL_RCC_ClockConfig                      0x0800260d   Thumb Code   444  stm32g4xx_hal_rcc.o(i.HAL_RCC_ClockConfig)
    HAL_RCC_GetSysClockFreq                  0x080027e9   Thumb Code    98  stm32g4xx_hal_rcc.o(i.HAL_RCC_GetSysClockFreq)
    HAL_RCC_OscConfig                        0x08002855   Thumb Code  1028  stm32g4xx_hal_rcc.o(i.HAL_RCC_OscConfig)
    HAL_SYSTICK_Config                       0x08002c59   Thumb Code    40  stm32g4xx_hal_cortex.o(i.HAL_SYSTICK_Config)
    HAL_TIMEx_Break2Callback                 0x08002c81   Thumb Code     2  stm32g4xx_hal_tim_ex.o(i.HAL_TIMEx_Break2Callback)
    HAL_TIMEx_BreakCallback                  0x08002c83   Thumb Code     2  stm32g4xx_hal_tim_ex.o(i.HAL_TIMEx_BreakCallback)
    HAL_TIMEx_CommutCallback                 0x08002c85   Thumb Code     2  stm32g4xx_hal_tim_ex.o(i.HAL_TIMEx_CommutCallback)
    HAL_TIMEx_ConfigBreakDeadTime            0x08002c89   Thumb Code   154  stm32g4xx_hal_tim_ex.o(i.HAL_TIMEx_ConfigBreakDeadTime)
    HAL_TIMEx_DirectionChangeCallback        0x08002d31   Thumb Code     2  stm32g4xx_hal_tim_ex.o(i.HAL_TIMEx_DirectionChangeCallback)
    HAL_TIMEx_EncoderIndexCallback           0x08002d33   Thumb Code     2  stm32g4xx_hal_tim_ex.o(i.HAL_TIMEx_EncoderIndexCallback)
    HAL_TIMEx_IndexErrorCallback             0x08002d35   Thumb Code     2  stm32g4xx_hal_tim_ex.o(i.HAL_TIMEx_IndexErrorCallback)
    HAL_TIMEx_MasterConfigSynchronization    0x08002d39   Thumb Code   150  stm32g4xx_hal_tim_ex.o(i.HAL_TIMEx_MasterConfigSynchronization)
    HAL_TIMEx_TransitionErrorCallback        0x08002df1   Thumb Code     2  stm32g4xx_hal_tim_ex.o(i.HAL_TIMEx_TransitionErrorCallback)
    HAL_TIM_Base_Init                        0x08002df3   Thumb Code    98  stm32g4xx_hal_tim.o(i.HAL_TIM_Base_Init)
    HAL_TIM_Base_MspInit                     0x08002e55   Thumb Code    50  stm32g4xx_hal_msp.o(i.HAL_TIM_Base_MspInit)
    HAL_TIM_Base_Start_IT                    0x08002e8d   Thumb Code   106  stm32g4xx_hal_tim.o(i.HAL_TIM_Base_Start_IT)
    HAL_TIM_ConfigClockSource                0x08002f19   Thumb Code   234  stm32g4xx_hal_tim.o(i.HAL_TIM_ConfigClockSource)
    HAL_TIM_IC_CaptureCallback               0x08003009   Thumb Code     2  stm32g4xx_hal_tim.o(i.HAL_TIM_IC_CaptureCallback)
    HAL_TIM_IRQHandler                       0x0800300b   Thumb Code   418  stm32g4xx_hal_tim.o(i.HAL_TIM_IRQHandler)
    HAL_TIM_MspPostInit                      0x080031ad   Thumb Code    74  stm32g4xx_hal_msp.o(i.HAL_TIM_MspPostInit)
    HAL_TIM_OC_DelayElapsedCallback          0x08003201   Thumb Code     2  stm32g4xx_hal_tim.o(i.HAL_TIM_OC_DelayElapsedCallback)
    HAL_TIM_PWM_ConfigChannel                0x08003203   Thumb Code   292  stm32g4xx_hal_tim.o(i.HAL_TIM_PWM_ConfigChannel)
    HAL_TIM_PWM_Init                         0x08003327   Thumb Code    98  stm32g4xx_hal_tim.o(i.HAL_TIM_PWM_Init)
    HAL_TIM_PWM_MspInit                      0x08003389   Thumb Code    30  stm32g4xx_hal_msp.o(i.HAL_TIM_PWM_MspInit)
    HAL_TIM_PWM_PulseFinishedCallback        0x080033b1   Thumb Code     2  stm32g4xx_hal_tim.o(i.HAL_TIM_PWM_PulseFinishedCallback)
    HAL_TIM_PWM_Start                        0x080033b5   Thumb Code   234  stm32g4xx_hal_tim.o(i.HAL_TIM_PWM_Start)
    HAL_TIM_PeriodElapsedCallback            0x080034c9   Thumb Code     2  stm32g4xx_hal_tim.o(i.HAL_TIM_PeriodElapsedCallback)
    HAL_TIM_TriggerCallback                  0x080034cb   Thumb Code     2  stm32g4xx_hal_tim.o(i.HAL_TIM_TriggerCallback)
    HardFault_Handler                        0x080034cd   Thumb Code     2  stm32g4xx_it.o(i.HardFault_Handler)
    LED_Control                              0x080034d1   Thumb Code   170  main.o(i.LED_Control)
    MemManage_Handler                        0x08003b11   Thumb Code     2  stm32g4xx_it.o(i.MemManage_Handler)
    NMI_Handler                              0x08003b13   Thumb Code     2  stm32g4xx_it.o(i.NMI_Handler)
    PendSV_Handler                           0x08003b15   Thumb Code     2  stm32g4xx_it.o(i.PendSV_Handler)
    SVC_Handler                              0x08003b17   Thumb Code     2  stm32g4xx_it.o(i.SVC_Handler)
    SysTick_Handler                          0x08003b19   Thumb Code     4  stm32g4xx_it.o(i.SysTick_Handler)
    SystemClock_Config                       0x08003b1d   Thumb Code   100  main.o(i.SystemClock_Config)
    SystemInit                               0x08003b81   Thumb Code    12  system_stm32g4xx.o(i.SystemInit)
    TIM2_IRQHandler                          0x08003b91   Thumb Code    16  stm32g4xx_it.o(i.TIM2_IRQHandler)
    TIM_Base_SetConfig                       0x08003ba9   Thumb Code   190  stm32g4xx_hal_tim.o(i.TIM_Base_SetConfig)
    TIM_CCxChannelCmd                        0x08003c8d   Thumb Code    26  stm32g4xx_hal_tim.o(i.TIM_CCxChannelCmd)
    TIM_ETR_SetConfig                        0x08003ca7   Thumb Code    20  stm32g4xx_hal_tim.o(i.TIM_ETR_SetConfig)
    TIM_OC2_SetConfig                        0x08003d7d   Thumb Code   132  stm32g4xx_hal_tim.o(i.TIM_OC2_SetConfig)
    UsageFault_Handler                       0x08004097   Thumb Code     2  stm32g4xx_it.o(i.UsageFault_Handler)
    cordic31_to_value                        0x080040b9   Thumb Code    48  cordic.o(i.cordic31_to_value)
    cordic_calculate_start                   0x080040f1   Thumb Code    48  cordic.o(i.cordic_calculate_start)
    cordic_config                            0x08004129   Thumb Code    34  cordic.o(i.cordic_config)
    cordic_get_result                        0x08004155   Thumb Code    38  cordic.o(i.cordic_get_result)
    main                                     0x08004185   Thumb Code   436  main.o(i.main)
    value_to_cordic31                        0x08004361   Thumb Code    22  cordic.o(i.value_to_cordic31)
    _fp_init                                 0x0800437d   Thumb Code    10  fpinit.o(x$fpl$fpinit)
    __fplib_config_fpu_vfp                   0x08004385   Thumb Code     0  fpinit.o(x$fpl$fpinit)
    __fplib_config_pureend_doubles           0x08004385   Thumb Code     0  fpinit.o(x$fpl$fpinit)
    AHBPrescTable                            0x08004396   Data          16  system_stm32g4xx.o(.constdata)
    Region$$Table$$Base                      0x080043a8   Number         0  anon$$obj.o(Region$$Table)
    Region$$Table$$Limit                     0x080043c8   Number         0  anon$$obj.o(Region$$Table)
    pInBuff                                  0x20000000   Data           4  cordic.o(.data)
    pOutBuff                                 0x20000004   Data           8  cordic.o(.data)
    TIM2_Flag                                0x2000000c   Data           1  main.o(.data)
    TIM2_Count                               0x20000010   Data           4  main.o(.data)
    Can1_Count                               0x20000014   Data           4  main.o(.data)
    TIM_Duty                                 0x20000018   Data           4  main.o(.data)
    LED_Frequency                            0x2000001c   Data           4  main.o(.data)
    Sample_Frequency                         0x20000020   Data           4  main.o(.data)
    ADC3_Value                               0x20000024   Data           4  main.o(.data)
    ADC4_Value                               0x20000028   Data           4  main.o(.data)
    sin_test                                 0x2000002c   Data           4  main.o(.data)
    cos_test                                 0x20000030   Data           4  main.o(.data)
    ADC1_Value                               0x20000034   Data           8  main.o(.data)
    ADC2_Value                               0x2000003c   Data           8  main.o(.data)
    ADC_Send                                 0x20000044   Data           8  main.o(.data)
    uwTickPrio                               0x20000054   Data           4  stm32g4xx_hal.o(.data)
    uwTickFreq                               0x20000058   Data           4  stm32g4xx_hal.o(.data)
    uwTick                                   0x2000005c   Data           4  stm32g4xx_hal.o(.data)
    SystemCoreClock                          0x20000060   Data           4  system_stm32g4xx.o(.data)
    sCordicConfig                            0x20000064   Data          28  cordic.o(.bss)
    hadc1                                    0x20000080   Data         108  main.o(.bss)
    hadc2                                    0x200000ec   Data         108  main.o(.bss)
    hadc3                                    0x20000158   Data         108  main.o(.bss)
    hadc4                                    0x200001c4   Data         108  main.o(.bss)
    hcordic                                  0x20000230   Data          40  main.o(.bss)
    hfdcan1                                  0x20000258   Data         100  main.o(.bss)
    hfmac                                    0x200002bc   Data          56  main.o(.bss)
    htim1                                    0x200002f4   Data          76  main.o(.bss)
    htim2                                    0x20000340   Data          76  main.o(.bss)
    FDCAN1_RXFilter                          0x2000038c   Data          24  main.o(.bss)
    fdcan1_TxHeader                          0x200003a4   Data          36  main.o(.bss)
    ADC_CAN_Value                            0x200003c8   Data          16  main.o(.bss)
    ADC_Mean                                 0x200003d8   Data         192  main.o(.bss)
    ADC_Value                                0x20000498   Data          48  main.o(.bss)
    hdma_adc1                                0x200004c8   Data          96  main.o(.bss)
    hdma_adc2                                0x20000528   Data          96  main.o(.bss)
    hdma_adc3                                0x20000588   Data          96  main.o(.bss)
    hdma_adc4                                0x200005e8   Data          96  main.o(.bss)
    hdma_cordic_read                         0x20000648   Data          96  main.o(.bss)
    hdma_cordic_write                        0x200006a8   Data          96  main.o(.bss)
    __libspace_start                         0x20000708   Data          96  libspace.o(.bss)
    __temporary_stack_top$libspace           0x20000768   Data           0  libspace.o(.bss)



==============================================================================

Memory Map of the image

  Image Entry point : 0x080001d9

  Load Region LR_IROM1 (Base: 0x08000000, Size: 0x0000442c, Max: 0x00020000, ABSOLUTE)

    Execution Region ER_IROM1 (Base: 0x08000000, Size: 0x000043c8, Max: 0x00020000, ABSOLUTE)

    Base Addr    Size         Type   Attr      Idx    E Section Name        Object

    0x08000000   0x000001d8   Data   RO            3    RESET               startup_stm32g474xx.o
    0x080001d8   0x00000008   Code   RO         4417  * !!!main             c_w.l(__main.o)
    0x080001e0   0x00000034   Code   RO         4574    !!!scatter          c_w.l(__scatter.o)
    0x08000214   0x0000001a   Code   RO         4576    !!handler_copy      c_w.l(__scatter_copy.o)
    0x0800022e   0x00000002   PAD
    0x08000230   0x0000001c   Code   RO         4578    !!handler_zi        c_w.l(__scatter_zi.o)
    0x0800024c   0x00000002   Code   RO         4444    .ARM.Collect$$libinit$$00000000  c_w.l(libinit.o)
    0x0800024e   0x00000004   Code   RO         4450    .ARM.Collect$$libinit$$00000001  c_w.l(libinit2.o)
    0x08000252   0x00000000   Code   RO         4453    .ARM.Collect$$libinit$$00000004  c_w.l(libinit2.o)
    0x08000252   0x00000000   Code   RO         4456    .ARM.Collect$$libinit$$0000000A  c_w.l(libinit2.o)
    0x08000252   0x00000000   Code   RO         4458    .ARM.Collect$$libinit$$0000000C  c_w.l(libinit2.o)
    0x08000252   0x00000000   Code   RO         4460    .ARM.Collect$$libinit$$0000000E  c_w.l(libinit2.o)
    0x08000252   0x00000000   Code   RO         4463    .ARM.Collect$$libinit$$00000011  c_w.l(libinit2.o)
    0x08000252   0x00000000   Code   RO         4465    .ARM.Collect$$libinit$$00000013  c_w.l(libinit2.o)
    0x08000252   0x00000000   Code   RO         4467    .ARM.Collect$$libinit$$00000015  c_w.l(libinit2.o)
    0x08000252   0x00000000   Code   RO         4469    .ARM.Collect$$libinit$$00000017  c_w.l(libinit2.o)
    0x08000252   0x00000000   Code   RO         4471    .ARM.Collect$$libinit$$00000019  c_w.l(libinit2.o)
    0x08000252   0x00000000   Code   RO         4473    .ARM.Collect$$libinit$$0000001B  c_w.l(libinit2.o)
    0x08000252   0x00000000   Code   RO         4475    .ARM.Collect$$libinit$$0000001D  c_w.l(libinit2.o)
    0x08000252   0x00000000   Code   RO         4477    .ARM.Collect$$libinit$$0000001F  c_w.l(libinit2.o)
    0x08000252   0x00000000   Code   RO         4479    .ARM.Collect$$libinit$$00000021  c_w.l(libinit2.o)
    0x08000252   0x00000000   Code   RO         4481    .ARM.Collect$$libinit$$00000023  c_w.l(libinit2.o)
    0x08000252   0x00000000   Code   RO         4483    .ARM.Collect$$libinit$$00000025  c_w.l(libinit2.o)
    0x08000252   0x00000000   Code   RO         4487    .ARM.Collect$$libinit$$0000002C  c_w.l(libinit2.o)
    0x08000252   0x00000000   Code   RO         4489    .ARM.Collect$$libinit$$0000002E  c_w.l(libinit2.o)
    0x08000252   0x00000000   Code   RO         4491    .ARM.Collect$$libinit$$00000030  c_w.l(libinit2.o)
    0x08000252   0x00000000   Code   RO         4493    .ARM.Collect$$libinit$$00000032  c_w.l(libinit2.o)
    0x08000252   0x00000002   Code   RO         4494    .ARM.Collect$$libinit$$00000033  c_w.l(libinit2.o)
    0x08000254   0x00000002   Code   RO         4514    .ARM.Collect$$libshutdown$$00000000  c_w.l(libshutdown.o)
    0x08000256   0x00000000   Code   RO         4527    .ARM.Collect$$libshutdown$$00000002  c_w.l(libshutdown2.o)
    0x08000256   0x00000000   Code   RO         4529    .ARM.Collect$$libshutdown$$00000004  c_w.l(libshutdown2.o)
    0x08000256   0x00000000   Code   RO         4532    .ARM.Collect$$libshutdown$$00000007  c_w.l(libshutdown2.o)
    0x08000256   0x00000000   Code   RO         4535    .ARM.Collect$$libshutdown$$0000000A  c_w.l(libshutdown2.o)
    0x08000256   0x00000000   Code   RO         4537    .ARM.Collect$$libshutdown$$0000000C  c_w.l(libshutdown2.o)
    0x08000256   0x00000000   Code   RO         4540    .ARM.Collect$$libshutdown$$0000000F  c_w.l(libshutdown2.o)
    0x08000256   0x00000002   Code   RO         4541    .ARM.Collect$$libshutdown$$00000010  c_w.l(libshutdown2.o)
    0x08000258   0x00000000   Code   RO         4419    .ARM.Collect$$rtentry$$00000000  c_w.l(__rtentry.o)
    0x08000258   0x00000000   Code   RO         4421    .ARM.Collect$$rtentry$$00000002  c_w.l(__rtentry2.o)
    0x08000258   0x00000006   Code   RO         4433    .ARM.Collect$$rtentry$$00000004  c_w.l(__rtentry4.o)
    0x0800025e   0x00000000   Code   RO         4423    .ARM.Collect$$rtentry$$00000009  c_w.l(__rtentry2.o)
    0x0800025e   0x00000004   Code   RO         4424    .ARM.Collect$$rtentry$$0000000A  c_w.l(__rtentry2.o)
    0x08000262   0x00000000   Code   RO         4426    .ARM.Collect$$rtentry$$0000000C  c_w.l(__rtentry2.o)
    0x08000262   0x00000008   Code   RO         4427    .ARM.Collect$$rtentry$$0000000D  c_w.l(__rtentry2.o)
    0x0800026a   0x00000002   Code   RO         4448    .ARM.Collect$$rtexit$$00000000  c_w.l(rtexit.o)
    0x0800026c   0x00000000   Code   RO         4496    .ARM.Collect$$rtexit$$00000002  c_w.l(rtexit2.o)
    0x0800026c   0x00000004   Code   RO         4497    .ARM.Collect$$rtexit$$00000003  c_w.l(rtexit2.o)
    0x08000270   0x00000006   Code   RO         4498    .ARM.Collect$$rtexit$$00000004  c_w.l(rtexit2.o)
    0x08000276   0x00000002   PAD
    0x08000278   0x00000040   Code   RO            4    .text               startup_stm32g474xx.o
    0x080002b8   0x0000004e   Code   RO         4413    .text               c_w.l(rt_memclr_w.o)
    0x08000306   0x00000006   Code   RO         4415    .text               c_w.l(heapauxi.o)
    0x0800030c   0x0000004a   Code   RO         4435    .text               c_w.l(sys_stackheap_outer.o)
    0x08000356   0x00000012   Code   RO         4437    .text               c_w.l(exit.o)
    0x08000368   0x00000008   Code   RO         4445    .text               c_w.l(libspace.o)
    0x08000370   0x0000000c   Code   RO         4506    .text               c_w.l(sys_exit.o)
    0x0800037c   0x00000002   Code   RO         4517    .text               c_w.l(use_no_semi.o)
    0x0800037e   0x00000000   Code   RO         4519    .text               c_w.l(indicate_semi.o)
    0x0800037e   0x00000068   Code   RO          518    i.ADC_DMAConvCplt   stm32g4xx_hal_adc.o
    0x080003e6   0x0000001a   Code   RO          519    i.ADC_DMAError      stm32g4xx_hal_adc.o
    0x08000400   0x0000000a   Code   RO          520    i.ADC_DMAHalfConvCplt  stm32g4xx_hal_adc.o
    0x0800040a   0x00000002   PAD
    0x0800040c   0x000000c4   Code   RO          522    i.ADC_Enable        stm32g4xx_hal_adc.o
    0x080004d0   0x000001b4   Code   RO          180    i.Average_ADC_Value  main.o
    0x08000684   0x00000002   Code   RO          288    i.BusFault_Handler  stm32g4xx_it.o
    0x08000686   0x00000018   Code   RO         2473    i.CORDIC_DMAError   stm32g4xx_hal_cordic.o
    0x0800069e   0x00000024   Code   RO         2474    i.CORDIC_DMAInCplt  stm32g4xx_hal_cordic.o
    0x080006c2   0x0000001e   Code   RO         2475    i.CORDIC_DMAOutCplt  stm32g4xx_hal_cordic.o
    0x080006e0   0x0000000c   Code   RO          289    i.DMA1_Channel1_IRQHandler  stm32g4xx_it.o
    0x080006ec   0x0000000c   Code   RO          290    i.DMA1_Channel2_IRQHandler  stm32g4xx_it.o
    0x080006f8   0x0000000c   Code   RO          291    i.DMA1_Channel3_IRQHandler  stm32g4xx_it.o
    0x08000704   0x0000000c   Code   RO          292    i.DMA1_Channel4_IRQHandler  stm32g4xx_it.o
    0x08000710   0x0000000c   Code   RO          293    i.DMA1_Channel5_IRQHandler  stm32g4xx_it.o
    0x0800071c   0x0000000c   Code   RO          294    i.DMA1_Channel6_IRQHandler  stm32g4xx_it.o
    0x08000728   0x00000040   Code   RO         1831    i.DMA_CalcDMAMUXChannelBaseAndMask  stm32g4xx_hal_dma.o
    0x08000768   0x00000024   Code   RO         1832    i.DMA_CalcDMAMUXRequestGenBaseAndMask  stm32g4xx_hal_dma.o
    0x0800078c   0x0000003e   Code   RO         1833    i.DMA_SetConfig     stm32g4xx_hal_dma.o
    0x080007ca   0x00000002   Code   RO          295    i.DebugMon_Handler  stm32g4xx_it.o
    0x080007cc   0x00000004   Code   RO          181    i.Error_Handler     main.o
    0x080007d0   0x0000000c   Code   RO          296    i.FDCAN1_IT0_IRQHandler  stm32g4xx_it.o
    0x080007dc   0x00000034   Code   RO          182    i.FDCAN1_Send_Msg   main.o
    0x08000810   0x00000064   Code   RO         2600    i.FDCAN_CopyMessageToRAM  stm32g4xx_hal_fdcan.o
    0x08000874   0x00000040   Code   RO         2996    i.FMAC_Reset        stm32g4xx_hal_fmac.o
    0x080008b4   0x00000012   Code   RO         2997    i.FMAC_ResetDataPointers  stm32g4xx_hal_fmac.o
    0x080008c6   0x00000010   Code   RO         2998    i.FMAC_ResetInputStateAndDataPointers  stm32g4xx_hal_fmac.o
    0x080008d6   0x00000010   Code   RO         2999    i.FMAC_ResetOutputStateAndDataPointers  stm32g4xx_hal_fmac.o
    0x080008e6   0x00000002   PAD
    0x080008e8   0x00000160   Code   RO          772    i.HAL_ADCEx_MultiModeConfigChannel  stm32g4xx_hal_adc_ex.o
    0x08000a48   0x0000046c   Code   RO          524    i.HAL_ADC_ConfigChannel  stm32g4xx_hal_adc.o
    0x08000eb4   0x00000002   Code   RO          525    i.HAL_ADC_ConvCpltCallback  stm32g4xx_hal_adc.o
    0x08000eb6   0x00000002   Code   RO          526    i.HAL_ADC_ConvHalfCpltCallback  stm32g4xx_hal_adc.o
    0x08000eb8   0x00000002   Code   RO          528    i.HAL_ADC_ErrorCallback  stm32g4xx_hal_adc.o
    0x08000eba   0x00000002   PAD
    0x08000ebc   0x00000230   Code   RO          533    i.HAL_ADC_Init      stm32g4xx_hal_adc.o
    0x080010ec   0x0000025c   Code   RO          413    i.HAL_ADC_MspInit   stm32g4xx_hal_msp.o
    0x08001348   0x0000012c   Code   RO          541    i.HAL_ADC_Start_DMA  stm32g4xx_hal_adc.o
    0x08001474   0x00000002   Code   RO         2479    i.HAL_CORDIC_CalculateCpltCallback  stm32g4xx_hal_cordic.o
    0x08001476   0x00000002   PAD
    0x08001478   0x000000e0   Code   RO         2481    i.HAL_CORDIC_Calculate_DMA  stm32g4xx_hal_cordic.o
    0x08001558   0x00000048   Code   RO         2483    i.HAL_CORDIC_Configure  stm32g4xx_hal_cordic.o
    0x080015a0   0x00000002   Code   RO         2485    i.HAL_CORDIC_ErrorCallback  stm32g4xx_hal_cordic.o
    0x080015a2   0x00000006   Code   RO         2487    i.HAL_CORDIC_GetState  stm32g4xx_hal_cordic.o
    0x080015a8   0x00000034   Code   RO         2489    i.HAL_CORDIC_Init   stm32g4xx_hal_cordic.o
    0x080015dc   0x00000098   Code   RO          415    i.HAL_CORDIC_MspInit  stm32g4xx_hal_msp.o
    0x08001674   0x000000ba   Code   RO         1839    i.HAL_DMA_IRQHandler  stm32g4xx_hal_dma.o
    0x0800172e   0x00000002   PAD
    0x08001730   0x000000c0   Code   RO         1840    i.HAL_DMA_Init      stm32g4xx_hal_dma.o
    0x080017f0   0x0000008c   Code   RO         1844    i.HAL_DMA_Start_IT  stm32g4xx_hal_dma.o
    0x0800187c   0x000000e0   Code   RO         2602    i.HAL_FDCAN_ActivateNotification  stm32g4xx_hal_fdcan.o
    0x0800195c   0x0000004a   Code   RO         2603    i.HAL_FDCAN_AddMessageToTxFifoQ  stm32g4xx_hal_fdcan.o
    0x080019a6   0x0000005c   Code   RO         2605    i.HAL_FDCAN_ConfigFilter  stm32g4xx_hal_fdcan.o
    0x08001a02   0x00000002   Code   RO         2626    i.HAL_FDCAN_ErrorCallback  stm32g4xx_hal_fdcan.o
    0x08001a04   0x00000002   Code   RO         2627    i.HAL_FDCAN_ErrorStatusCallback  stm32g4xx_hal_fdcan.o
    0x08001a06   0x00000002   Code   RO         2642    i.HAL_FDCAN_HighPriorityMessageCallback  stm32g4xx_hal_fdcan.o
    0x08001a08   0x00000164   Code   RO         2643    i.HAL_FDCAN_IRQHandler  stm32g4xx_hal_fdcan.o
    0x08001b6c   0x00000218   Code   RO         2644    i.HAL_FDCAN_Init    stm32g4xx_hal_fdcan.o
    0x08001d84   0x0000008c   Code   RO          417    i.HAL_FDCAN_MspInit  stm32g4xx_hal_msp.o
    0x08001e10   0x00000002   Code   RO         2651    i.HAL_FDCAN_RxFifo0Callback  stm32g4xx_hal_fdcan.o
    0x08001e12   0x00000002   Code   RO         2652    i.HAL_FDCAN_RxFifo1Callback  stm32g4xx_hal_fdcan.o
    0x08001e14   0x0000002c   Code   RO         2653    i.HAL_FDCAN_Start   stm32g4xx_hal_fdcan.o
    0x08001e40   0x00000002   Code   RO         2655    i.HAL_FDCAN_TimeoutOccurredCallback  stm32g4xx_hal_fdcan.o
    0x08001e42   0x00000002   Code   RO         2656    i.HAL_FDCAN_TimestampWraparoundCallback  stm32g4xx_hal_fdcan.o
    0x08001e44   0x00000002   Code   RO         2657    i.HAL_FDCAN_TxBufferAbortCallback  stm32g4xx_hal_fdcan.o
    0x08001e46   0x00000002   Code   RO         2658    i.HAL_FDCAN_TxBufferCompleteCallback  stm32g4xx_hal_fdcan.o
    0x08001e48   0x00000002   Code   RO         2659    i.HAL_FDCAN_TxEventFifoCallback  stm32g4xx_hal_fdcan.o
    0x08001e4a   0x00000002   Code   RO         2660    i.HAL_FDCAN_TxFifoEmptyCallback  stm32g4xx_hal_fdcan.o
    0x08001e4c   0x00000054   Code   RO         3021    i.HAL_FMAC_Init     stm32g4xx_hal_fmac.o
    0x08001ea0   0x00000028   Code   RO          419    i.HAL_FMAC_MspInit  stm32g4xx_hal_msp.o
    0x08001ec8   0x00000248   Code   RO         1696    i.HAL_GPIO_Init     stm32g4xx_hal_gpio.o
    0x08002110   0x0000000c   Code   RO          975    i.HAL_GetTick       stm32g4xx_hal.o
    0x0800211c   0x00000010   Code   RO          981    i.HAL_IncTick       stm32g4xx_hal.o
    0x0800212c   0x0000001e   Code   RO          982    i.HAL_Init          stm32g4xx_hal.o
    0x0800214a   0x00000002   PAD
    0x0800214c   0x00000044   Code   RO          983    i.HAL_InitTick      stm32g4xx_hal.o
    0x08002190   0x00000030   Code   RO          420    i.HAL_MspInit       stm32g4xx_hal_msp.o
    0x080021c0   0x0000001a   Code   RO         2343    i.HAL_NVIC_EnableIRQ  stm32g4xx_hal_cortex.o
    0x080021da   0x00000002   PAD
    0x080021dc   0x00000040   Code   RO         2349    i.HAL_NVIC_SetPriority  stm32g4xx_hal_cortex.o
    0x0800221c   0x00000024   Code   RO         2350    i.HAL_NVIC_SetPriorityGrouping  stm32g4xx_hal_cortex.o
    0x08002240   0x000000bc   Code   RO         2099    i.HAL_PWREx_ControlVoltageScaling  stm32g4xx_hal_pwr_ex.o
    0x080022fc   0x00000010   Code   RO         2111    i.HAL_PWREx_DisableUCPDDeadBattery  stm32g4xx_hal_pwr_ex.o
    0x0800230c   0x00000300   Code   RO         1342    i.HAL_RCCEx_PeriphCLKConfig  stm32g4xx_hal_rcc_ex.o
    0x0800260c   0x000001dc   Code   RO         1217    i.HAL_RCC_ClockConfig  stm32g4xx_hal_rcc.o
    0x080027e8   0x0000006c   Code   RO         1227    i.HAL_RCC_GetSysClockFreq  stm32g4xx_hal_rcc.o
    0x08002854   0x00000404   Code   RO         1230    i.HAL_RCC_OscConfig  stm32g4xx_hal_rcc.o
    0x08002c58   0x00000028   Code   RO         2354    i.HAL_SYSTICK_Config  stm32g4xx_hal_cortex.o
    0x08002c80   0x00000002   Code   RO         3947    i.HAL_TIMEx_Break2Callback  stm32g4xx_hal_tim_ex.o
    0x08002c82   0x00000002   Code   RO         3948    i.HAL_TIMEx_BreakCallback  stm32g4xx_hal_tim_ex.o
    0x08002c84   0x00000002   Code   RO         3949    i.HAL_TIMEx_CommutCallback  stm32g4xx_hal_tim_ex.o
    0x08002c86   0x00000002   PAD
    0x08002c88   0x000000a8   Code   RO         3952    i.HAL_TIMEx_ConfigBreakDeadTime  stm32g4xx_hal_tim_ex.o
    0x08002d30   0x00000002   Code   RO         3960    i.HAL_TIMEx_DirectionChangeCallback  stm32g4xx_hal_tim_ex.o
    0x08002d32   0x00000002   Code   RO         3974    i.HAL_TIMEx_EncoderIndexCallback  stm32g4xx_hal_tim_ex.o
    0x08002d34   0x00000002   Code   RO         3988    i.HAL_TIMEx_IndexErrorCallback  stm32g4xx_hal_tim_ex.o
    0x08002d36   0x00000002   PAD
    0x08002d38   0x000000b8   Code   RO         3989    i.HAL_TIMEx_MasterConfigSynchronization  stm32g4xx_hal_tim_ex.o
    0x08002df0   0x00000002   Code   RO         4010    i.HAL_TIMEx_TransitionErrorCallback  stm32g4xx_hal_tim_ex.o
    0x08002df2   0x00000062   Code   RO         3233    i.HAL_TIM_Base_Init  stm32g4xx_hal_tim.o
    0x08002e54   0x00000038   Code   RO          422    i.HAL_TIM_Base_MspInit  stm32g4xx_hal_msp.o
    0x08002e8c   0x0000008c   Code   RO         3238    i.HAL_TIM_Base_Start_IT  stm32g4xx_hal_tim.o
    0x08002f18   0x000000f0   Code   RO         3242    i.HAL_TIM_ConfigClockSource  stm32g4xx_hal_tim.o
    0x08003008   0x00000002   Code   RO         3267    i.HAL_TIM_IC_CaptureCallback  stm32g4xx_hal_tim.o
    0x0800300a   0x000001a2   Code   RO         3281    i.HAL_TIM_IRQHandler  stm32g4xx_hal_tim.o
    0x080031ac   0x00000054   Code   RO          423    i.HAL_TIM_MspPostInit  stm32g4xx_hal_msp.o
    0x08003200   0x00000002   Code   RO         3284    i.HAL_TIM_OC_DelayElapsedCallback  stm32g4xx_hal_tim.o
    0x08003202   0x00000124   Code   RO         3305    i.HAL_TIM_PWM_ConfigChannel  stm32g4xx_hal_tim.o
    0x08003326   0x00000062   Code   RO         3308    i.HAL_TIM_PWM_Init  stm32g4xx_hal_tim.o
    0x08003388   0x00000028   Code   RO          425    i.HAL_TIM_PWM_MspInit  stm32g4xx_hal_msp.o
    0x080033b0   0x00000002   Code   RO         3311    i.HAL_TIM_PWM_PulseFinishedCallback  stm32g4xx_hal_tim.o
    0x080033b2   0x00000002   PAD
    0x080033b4   0x00000114   Code   RO         3313    i.HAL_TIM_PWM_Start  stm32g4xx_hal_tim.o
    0x080034c8   0x00000002   Code   RO         3319    i.HAL_TIM_PeriodElapsedCallback  stm32g4xx_hal_tim.o
    0x080034ca   0x00000002   Code   RO         3324    i.HAL_TIM_TriggerCallback  stm32g4xx_hal_tim.o
    0x080034cc   0x00000002   Code   RO          297    i.HardFault_Handler  stm32g4xx_it.o
    0x080034ce   0x00000002   PAD
    0x080034d0   0x000000bc   Code   RO          183    i.LED_Control       main.o
    0x0800358c   0x0000000c   Code   RO          547    i.LL_ADC_GetOffsetChannel  stm32g4xx_hal_adc.o
    0x08003598   0x00000008   Code   RO          548    i.LL_ADC_INJ_IsConversionOngoing  stm32g4xx_hal_adc.o
    0x080035a0   0x00000008   Code   RO          549    i.LL_ADC_REG_IsConversionOngoing  stm32g4xx_hal_adc.o
    0x080035a8   0x00000008   Code   RO          782    i.LL_ADC_REG_IsConversionOngoing  stm32g4xx_hal_adc_ex.o
    0x080035b0   0x00000010   Code   RO          550    i.LL_ADC_REG_IsTriggerSourceSWStart  stm32g4xx_hal_adc.o
    0x080035c0   0x0000001e   Code   RO          552    i.LL_ADC_SetChannelSamplingTime  stm32g4xx_hal_adc.o
    0x080035de   0x00000010   Code   RO          553    i.LL_ADC_SetOffsetState  stm32g4xx_hal_adc.o
    0x080035ee   0x00000002   PAD
    0x080035f0   0x000000e0   Code   RO          184    i.MX_ADC1_Init      main.o
    0x080036d0   0x000000cc   Code   RO          185    i.MX_ADC2_Init      main.o
    0x0800379c   0x000000b0   Code   RO          186    i.MX_ADC3_Init      main.o
    0x0800384c   0x0000009c   Code   RO          187    i.MX_ADC4_Init      main.o
    0x080038e8   0x0000008c   Code   RO          188    i.MX_DMA_Init       main.o
    0x08003974   0x0000007c   Code   RO          189    i.MX_FDCAN1_Init    main.o
    0x080039f0   0x000000b8   Code   RO          190    i.MX_TIM1_Init      main.o
    0x08003aa8   0x00000068   Code   RO          191    i.MX_TIM2_Init      main.o
    0x08003b10   0x00000002   Code   RO          298    i.MemManage_Handler  stm32g4xx_it.o
    0x08003b12   0x00000002   Code   RO          299    i.NMI_Handler       stm32g4xx_it.o
    0x08003b14   0x00000002   Code   RO          300    i.PendSV_Handler    stm32g4xx_it.o
    0x08003b16   0x00000002   Code   RO          301    i.SVC_Handler       stm32g4xx_it.o
    0x08003b18   0x00000004   Code   RO          302    i.SysTick_Handler   stm32g4xx_it.o
    0x08003b1c   0x00000064   Code   RO          192    i.SystemClock_Config  main.o
    0x08003b80   0x00000010   Code   RO         4377    i.SystemInit        system_stm32g4xx.o
    0x08003b90   0x00000018   Code   RO          303    i.TIM2_IRQHandler   stm32g4xx_it.o
    0x08003ba8   0x000000e4   Code   RO         3326    i.TIM_Base_SetConfig  stm32g4xx_hal_tim.o
    0x08003c8c   0x0000001a   Code   RO         3327    i.TIM_CCxChannelCmd  stm32g4xx_hal_tim.o
    0x08003ca6   0x00000014   Code   RO         3337    i.TIM_ETR_SetConfig  stm32g4xx_hal_tim.o
    0x08003cba   0x00000002   PAD
    0x08003cbc   0x00000014   Code   RO         3338    i.TIM_ITRx_SetConfig  stm32g4xx_hal_tim.o
    0x08003cd0   0x000000ac   Code   RO         3339    i.TIM_OC1_SetConfig  stm32g4xx_hal_tim.o
    0x08003d7c   0x000000a0   Code   RO         3340    i.TIM_OC2_SetConfig  stm32g4xx_hal_tim.o
    0x08003e1c   0x000000a0   Code   RO         3341    i.TIM_OC3_SetConfig  stm32g4xx_hal_tim.o
    0x08003ebc   0x000000a0   Code   RO         3342    i.TIM_OC4_SetConfig  stm32g4xx_hal_tim.o
    0x08003f5c   0x00000078   Code   RO         3343    i.TIM_OC5_SetConfig  stm32g4xx_hal_tim.o
    0x08003fd4   0x0000007c   Code   RO         3344    i.TIM_OC6_SetConfig  stm32g4xx_hal_tim.o
    0x08004050   0x00000022   Code   RO         3346    i.TIM_TI1_ConfigInputStage  stm32g4xx_hal_tim.o
    0x08004072   0x00000024   Code   RO         3348    i.TIM_TI2_ConfigInputStage  stm32g4xx_hal_tim.o
    0x08004096   0x00000002   Code   RO          304    i.UsageFault_Handler  stm32g4xx_it.o
    0x08004098   0x00000020   Code   RO         2356    i.__NVIC_SetPriority  stm32g4xx_hal_cortex.o
    0x080040b8   0x00000038   Code   RO           13    i.cordic31_to_value  cordic.o
    0x080040f0   0x00000038   Code   RO           14    i.cordic_calculate_start  cordic.o
    0x08004128   0x0000002c   Code   RO           15    i.cordic_config     cordic.o
    0x08004154   0x00000030   Code   RO           16    i.cordic_get_result  cordic.o
    0x08004184   0x000001dc   Code   RO          193    i.main              main.o
    0x08004360   0x0000001c   Code   RO           17    i.value_to_cordic31  cordic.o
    0x0800437c   0x0000000a   Code   RO         4504    x$fpl$fpinit        fz_wm.l(fpinit.o)
    0x08004386   0x00000010   Data   RO         2661    .constdata          stm32g4xx_hal_fdcan.o
    0x08004396   0x00000010   Data   RO         4378    .constdata          system_stm32g4xx.o
    0x080043a6   0x00000002   PAD
    0x080043a8   0x00000020   Data   RO         4572    Region$$Table       anon$$obj.o


    Execution Region RW_IRAM1 (Base: 0x20000000, Size: 0x00000d68, Max: 0x00020000, ABSOLUTE)

    Base Addr    Size         Type   Attr      Idx    E Section Name        Object

    0x20000000   0x0000000c   Data   RW           19    .data               cordic.o
    0x2000000c   0x00000040   Data   RW          201    .data               main.o
    0x2000004c   0x00000008   Data   RW          426    .data               stm32g4xx_hal_msp.o
    0x20000054   0x0000000c   Data   RW         1002    .data               stm32g4xx_hal.o
    0x20000060   0x00000004   Data   RW         4380    .data               system_stm32g4xx.o
    0x20000064   0x0000001c   Zero   RW           18    .bss                cordic.o
    0x20000080   0x00000448   Zero   RW          194    .bss                main.o
    0x200004c8   0x00000060   Zero   RW          195    .bss                main.o
    0x20000528   0x00000060   Zero   RW          196    .bss                main.o
    0x20000588   0x00000060   Zero   RW          197    .bss                main.o
    0x200005e8   0x00000060   Zero   RW          198    .bss                main.o
    0x20000648   0x00000060   Zero   RW          199    .bss                main.o
    0x200006a8   0x00000060   Zero   RW          200    .bss                main.o
    0x20000708   0x00000060   Zero   RW         4446    .bss                c_w.l(libspace.o)
    0x20000768   0x00000200   Zero   RW            2    HEAP                startup_stm32g474xx.o
    0x20000968   0x00000400   Zero   RW            1    STACK               startup_stm32g474xx.o


==============================================================================

Image component sizes


      Code (inc. data)   RO Data    RW Data    ZI Data      Debug   Object Name

       232         42          0         12         28     927200   cordic.o
      2568        192          0         64       1672      41950   main.o
        64         26        472          0       1536        848   startup_stm32g474xx.o
       126         20          0         12          0       3717   stm32g4xx_hal.o
      2424        180          0          0          0      81257   stm32g4xx_hal_adc.o
       360         26          0          0          0      69223   stm32g4xx_hal_adc_ex.o
       448         20          0          0          0       6744   stm32g4xx_hal_cordic.o
       198         14          0          0          0      33895   stm32g4xx_hal_cortex.o
       680         30          0          0          0       5107   stm32g4xx_hal_dma.o
      1448         28         16          0          0      16069   stm32g4xx_hal_fdcan.o
       198          0          0          0          0       5184   stm32g4xx_hal_fmac.o
       584         34          0          0          0       1696   stm32g4xx_hal_gpio.o
      1164        122          0          8          0       6832   stm32g4xx_hal_msp.o
       204         18          0          0          0       1417   stm32g4xx_hal_pwr_ex.o
      1612         64          0          0          0       5106   stm32g4xx_hal_rcc.o
       768         10          0          0          0       1972   stm32g4xx_hal_rcc_ex.o
      2832        296          0          0          0      19192   stm32g4xx_hal_tim.o
       366         48          0          0          0       6380   stm32g4xx_hal_tim_ex.o
       128         50          0          0          0       8134   stm32g4xx_it.o
        16          4         16          4          0       1147   system_stm32g4xx.o

    ----------------------------------------------------------------------
     16446       1224        538        100       3236    1243070   Object Totals
         0          0         32          0          0          0   (incl. Generated)
        26          0          2          0          0          0   (incl. Padding)

    ----------------------------------------------------------------------

      Code (inc. data)   RO Data    RW Data    ZI Data      Debug   Library Member Name

         8          0          0          0          0         68   __main.o
         0          0          0          0          0          0   __rtentry.o
        12          0          0          0          0          0   __rtentry2.o
         6          0          0          0          0          0   __rtentry4.o
        52          8          0          0          0          0   __scatter.o
        26          0          0          0          0          0   __scatter_copy.o
        28          0          0          0          0          0   __scatter_zi.o
        18          0          0          0          0         80   exit.o
         6          0          0          0          0        152   heapauxi.o
         0          0          0          0          0          0   indicate_semi.o
         2          0          0          0          0          0   libinit.o
         6          0          0          0          0          0   libinit2.o
         2          0          0          0          0          0   libshutdown.o
         2          0          0          0          0          0   libshutdown2.o
         8          4          0          0         96         68   libspace.o
        78          0          0          0          0         80   rt_memclr_w.o
         2          0          0          0          0          0   rtexit.o
        10          0          0          0          0          0   rtexit2.o
        12          4          0          0          0         68   sys_exit.o
        74          0          0          0          0         80   sys_stackheap_outer.o
         2          0          0          0          0         68   use_no_semi.o
        10          0          0          0          0        116   fpinit.o

    ----------------------------------------------------------------------
       368         16          0          0         96        780   Library Totals
         4          0          0          0          0          0   (incl. Padding)

    ----------------------------------------------------------------------

      Code (inc. data)   RO Data    RW Data    ZI Data      Debug   Library Name

       354         16          0          0         96        664   c_w.l
        10          0          0          0          0        116   fz_wm.l

    ----------------------------------------------------------------------
       368         16          0          0         96        780   Library Totals

    ----------------------------------------------------------------------

==============================================================================


      Code (inc. data)   RO Data    RW Data    ZI Data      Debug   

     16814       1240        538        100       3332    1229742   Grand Totals
     16814       1240        538        100       3332    1229742   ELF Image Totals
     16814       1240        538        100          0          0   ROM Totals

==============================================================================

    Total RO  Size (Code + RO Data)                17352 (  16.95kB)
    Total RW  Size (RW Data + ZI Data)              3432 (   3.35kB)
    Total ROM Size (Code + RO Data + RW Data)      17452 (  17.04kB)

==============================================================================

